device=cuda params=33694 macs=37.61M
train=1250 val=250
epoch   1 loss 0.9281/0.9899 lineIoU 0.0239 AE 19.14 lat 59.6px acc 0.02 (18s)
epoch   2 loss 0.7530/0.9723 lineIoU 0.0305 AE 16.8 lat 63.7px acc 0.052 (5s)
epoch   3 loss 0.6521/0.9701 lineIoU 0.0466 AE 13.88 lat 49.7px acc 0.088 (5s)
epoch   4 loss 0.5876/0.9593 lineIoU 0.0876 AE 13.33 lat 50.5px acc 0.208 (5s)
epoch   5 loss 0.5390/0.9475 lineIoU 0.1126 AE 10.81 lat 44.9px acc 0.284 (6s)
epoch   6 loss 0.5063/0.9647 lineIoU 0.1303 AE 11.72 lat 45.5px acc 0.28 (6s)
epoch   7 loss 0.4829/0.9717 lineIoU 0.1296 AE 12.01 lat 46.2px acc 0.3 (5s)
epoch   8 loss 0.4649/1.0036 lineIoU 0.1068 AE 11.74 lat 45.6px acc 0.224 (5s)
epoch   9 loss 0.4524/1.0075 lineIoU 0.1552 AE 10.04 lat 39.4px acc 0.352 (5s)
epoch  10 loss 0.4432/1.0302 lineIoU 0.1564 AE 10.37 lat 41.0px acc 0.36 (5s)
epoch  11 loss 0.4317/1.0128 lineIoU 0.1864 AE 9.91 lat 38.3px acc 0.384 (5s)
epoch  12 loss 0.4251/1.0642 lineIoU 0.1879 AE 9.62 lat 37.5px acc 0.38 (5s)
epoch  13 loss 0.4185/1.0414 lineIoU 0.1773 AE 9.83 lat 39.1px acc 0.376 (5s)
epoch  14 loss 0.4115/1.0532 lineIoU 0.1892 AE 9.49 lat 37.3px acc 0.376 (5s)
epoch  15 loss 0.4079/1.0646 lineIoU 0.1931 AE 10.24 lat 39.0px acc 0.38 (5s)
epoch  16 loss 0.4052/1.0576 lineIoU 0.1796 AE 10.04 lat 39.7px acc 0.352 (5s)
epoch  17 loss 0.3996/1.0741 lineIoU 0.1593 AE 10.33 lat 40.1px acc 0.328 (5s)
epoch  18 loss 0.3973/1.0918 lineIoU 0.2016 AE 9.11 lat 36.0px acc 0.396 (5s)
epoch  19 loss 0.3938/1.0914 lineIoU 0.1856 AE 9.72 lat 38.0px acc 0.352 (5s)
epoch  20 loss 0.3902/1.1213 lineIoU 0.2078 AE 9.3 lat 36.9px acc 0.38 (5s)
epoch  21 loss 0.3869/1.0788 lineIoU 0.1888 AE 9.74 lat 37.8px acc 0.36 (5s)
epoch  22 loss 0.3849/1.1320 lineIoU 0.1920 AE 9.16 lat 36.5px acc 0.4 (5s)
epoch  23 loss 0.3827/1.1208 lineIoU 0.1753 AE 9.8 lat 36.8px acc 0.328 (5s)
epoch  24 loss 0.3792/1.1117 lineIoU 0.1795 AE 9.66 lat 38.8px acc 0.36 (5s)
epoch  25 loss 0.3765/1.1692 lineIoU 0.2326 AE 8.69 lat 35.0px acc 0.416 (5s)
epoch  26 loss 0.3759/1.1493 lineIoU 0.2003 AE 9.14 lat 35.8px acc 0.388 (5s)
epoch  27 loss 0.3730/1.1584 lineIoU 0.2064 AE 8.86 lat 37.1px acc 0.4 (5s)
epoch  28 loss 0.3718/1.1539 lineIoU 0.2107 AE 9.14 lat 36.9px acc 0.384 (5s)
epoch  29 loss 0.3702/1.1275 lineIoU 0.2131 AE 8.93 lat 36.6px acc 0.396 (5s)
epoch  30 loss 0.3685/1.1864 lineIoU 0.1959 AE 9.17 lat 36.5px acc 0.376 (5s)
epoch  31 loss 0.3663/1.1441 lineIoU 0.1881 AE 9.15 lat 38.0px acc 0.36 (5s)
epoch  32 loss 0.3639/1.1776 lineIoU 0.2113 AE 9.13 lat 37.2px acc 0.392 (5s)
epoch  33 loss 0.3646/1.1848 lineIoU 0.1875 AE 9.25 lat 38.5px acc 0.34 (5s)
epoch  34 loss 0.3623/1.1598 lineIoU 0.2280 AE 8.77 lat 35.6px acc 0.404 (5s)
epoch  35 loss 0.3594/1.1598 lineIoU 0.2155 AE 8.78 lat 35.8px acc 0.384 (5s)
epoch  36 loss 0.3581/1.1591 lineIoU 0.2466 AE 8.3 lat 34.4px acc 0.452 (5s)
epoch  37 loss 0.3564/1.1755 lineIoU 0.2334 AE 8.67 lat 35.4px acc 0.412 (5s)
epoch  38 loss 0.3565/1.1886 lineIoU 0.2517 AE 8.89 lat 36.4px acc 0.444 (5s)
epoch  39 loss 0.3529/1.1778 lineIoU 0.2204 AE 8.85 lat 35.8px acc 0.412 (5s)
epoch  40 loss 0.3531/1.2048 lineIoU 0.2072 AE 8.93 lat 37.1px acc 0.388 (5s)
epoch  41 loss 0.3526/1.1973 lineIoU 0.1935 AE 8.9 lat 37.1px acc 0.388 (5s)
epoch  42 loss 0.3496/1.1913 lineIoU 0.2252 AE 8.59 lat 36.2px acc 0.436 (5s)
epoch  43 loss 0.3498/1.2117 lineIoU 0.2271 AE 8.95 lat 35.9px acc 0.432 (5s)
epoch  44 loss 0.3481/1.2507 lineIoU 0.2074 AE 9.06 lat 37.8px acc 0.4 (5s)
epoch  45 loss 0.3470/1.2422 lineIoU 0.2574 AE 8.63 lat 35.2px acc 0.452 (5s)
epoch  46 loss 0.3462/1.2128 lineIoU 0.2497 AE 8.88 lat 35.5px acc 0.456 (5s)
epoch  47 loss 0.3436/1.2316 lineIoU 0.2129 AE 8.95 lat 38.2px acc 0.408 (5s)
epoch  48 loss 0.3438/1.2578 lineIoU 0.2263 AE 9.25 lat 37.5px acc 0.392 (5s)
epoch  49 loss 0.3447/1.2547 lineIoU 0.2372 AE 8.75 lat 37.5px acc 0.432 (5s)
epoch  50 loss 0.3425/1.2544 lineIoU 0.2587 AE 8.69 lat 36.7px acc 0.452 (5s)
epoch  51 loss 0.3406/1.2578 lineIoU 0.2339 AE 8.69 lat 37.6px acc 0.428 (5s)
epoch  52 loss 0.3398/1.2657 lineIoU 0.2324 AE 9.34 lat 38.3px acc 0.424 (5s)
epoch  53 loss 0.3411/1.2808 lineIoU 0.2477 AE 8.82 lat 36.6px acc 0.452 (5s)
epoch  54 loss 0.3388/1.2711 lineIoU 0.2308 AE 9.2 lat 38.2px acc 0.432 (5s)
epoch  55 loss 0.3383/1.2398 lineIoU 0.2265 AE 9.35 lat 38.9px acc 0.448 (5s)
epoch  56 loss 0.3375/1.2837 lineIoU 0.2220 AE 8.97 lat 37.9px acc 0.408 (5s)
epoch  57 loss 0.3370/1.2525 lineIoU 0.2217 AE 9.45 lat 39.4px acc 0.396 (5s)
epoch  58 loss 0.3372/1.2762 lineIoU 0.2325 AE 9.7 lat 40.6px acc 0.424 (5s)
epoch  59 loss 0.3350/1.2583 lineIoU 0.2421 AE 9.11 lat 38.4px acc 0.44 (5s)
epoch  60 loss 0.3350/1.2878 lineIoU 0.2259 AE 9.29 lat 38.5px acc 0.436 (5s)
epoch  61 loss 0.3329/1.2802 lineIoU 0.2462 AE 9.06 lat 37.8px acc 0.444 (5s)
epoch  62 loss 0.3330/1.2582 lineIoU 0.2533 AE 9.06 lat 38.0px acc 0.444 (5s)
epoch  63 loss 0.3315/1.3024 lineIoU 0.2490 AE 9.61 lat 39.3px acc 0.452 (5s)
epoch  64 loss 0.3324/1.2812 lineIoU 0.2676 AE 8.59 lat 36.1px acc 0.484 (5s)
epoch  65 loss 0.3321/1.2943 lineIoU 0.2523 AE 8.78 lat 36.0px acc 0.444 (5s)
epoch  66 loss 0.3296/1.2726 lineIoU 0.2646 AE 8.7 lat 38.1px acc 0.464 (5s)
epoch  67 loss 0.3289/1.2905 lineIoU 0.2481 AE 8.92 lat 36.9px acc 0.46 (5s)
epoch  68 loss 0.3287/1.3147 lineIoU 0.2263 AE 9.25 lat 38.0px acc 0.412 (5s)
epoch  69 loss 0.3290/1.3346 lineIoU 0.2226 AE 9.35 lat 38.6px acc 0.4 (5s)
epoch  70 loss 0.3269/1.3131 lineIoU 0.2217 AE 9.4 lat 39.6px acc 0.4 (5s)
epoch  71 loss 0.3279/1.3105 lineIoU 0.2525 AE 8.99 lat 36.7px acc 0.444 (5s)
epoch  72 loss 0.3268/1.3412 lineIoU 0.2276 AE 9.47 lat 39.7px acc 0.408 (5s)
epoch  73 loss 0.3265/1.2748 lineIoU 0.2369 AE 9.23 lat 38.0px acc 0.432 (5s)
epoch  74 loss 0.3262/1.3423 lineIoU 0.2680 AE 8.65 lat 36.7px acc 0.472 (5s)
epoch  75 loss 0.3250/1.3395 lineIoU 0.2417 AE 9.08 lat 37.6px acc 0.408 (5s)
epoch  76 loss 0.3232/1.2910 lineIoU 0.2603 AE 8.91 lat 37.6px acc 0.444 (5s)
epoch  77 loss 0.3224/1.3416 lineIoU 0.2465 AE 9.1 lat 37.2px acc 0.444 (5s)
epoch  78 loss 0.3237/1.3318 lineIoU 0.2635 AE 9.26 lat 38.5px acc 0.46 (5s)
epoch  79 loss 0.3224/1.3399 lineIoU 0.2635 AE 8.91 lat 38.0px acc 0.448 (5s)
epoch  80 loss 0.3230/1.3416 lineIoU 0.2403 AE 9.1 lat 37.8px acc 0.428 (5s)
epoch  81 loss 0.3220/1.3010 lineIoU 0.2642 AE 8.99 lat 37.0px acc 0.456 (5s)
epoch  82 loss 0.3219/1.3331 lineIoU 0.2300 AE 9.32 lat 38.5px acc 0.412 (5s)
epoch  83 loss 0.3193/1.3522 lineIoU 0.2526 AE 9.21 lat 37.9px acc 0.436 (5s)
epoch  84 loss 0.3196/1.3265 lineIoU 0.2587 AE 8.92 lat 37.3px acc 0.452 (5s)
epoch  85 loss 0.3195/1.3286 lineIoU 0.2390 AE 9.61 lat 39.3px acc 0.408 (5s)
epoch  86 loss 0.3180/1.3535 lineIoU 0.2534 AE 9.21 lat 38.0px acc 0.44 (5s)
epoch  87 loss 0.3189/1.3756 lineIoU 0.2661 AE 8.81 lat 37.3px acc 0.492 (6s)
epoch  88 loss 0.3175/1.3352 lineIoU 0.2374 AE 9.09 lat 38.1px acc 0.408 (5s)
epoch  89 loss 0.3190/1.3230 lineIoU 0.2479 AE 9.38 lat 38.4px acc 0.436 (5s)
epoch  90 loss 0.3177/1.3504 lineIoU 0.2674 AE 8.83 lat 36.4px acc 0.444 (5s)
epoch  91 loss 0.3173/1.3256 lineIoU 0.2509 AE 9.08 lat 38.1px acc 0.444 (5s)
epoch  92 loss 0.3171/1.3707 lineIoU 0.2791 AE 8.61 lat 36.6px acc 0.468 (5s)
epoch  93 loss 0.3162/1.3792 lineIoU 0.2733 AE 8.54 lat 36.8px acc 0.488 (5s)
epoch  94 loss 0.3153/1.4035 lineIoU 0.2654 AE 9.31 lat 38.8px acc 0.444 (5s)
epoch  95 loss 0.3163/1.3586 lineIoU 0.2699 AE 8.58 lat 36.3px acc 0.472 (5s)
epoch  96 loss 0.3144/1.4006 lineIoU 0.2638 AE 8.61 lat 36.4px acc 0.476 (5s)
epoch  97 loss 0.3165/1.3747 lineIoU 0.2580 AE 9.18 lat 38.1px acc 0.424 (5s)
epoch  98 loss 0.3137/1.3607 lineIoU 0.2560 AE 8.82 lat 37.2px acc 0.452 (5s)
epoch  99 loss 0.3137/1.4176 lineIoU 0.2447 AE 9.25 lat 38.2px acc 0.44 (5s)
epoch 100 loss 0.3137/1.3910 lineIoU 0.2688 AE 9.05 lat 37.8px acc 0.448 (5s)
epoch 101 loss 0.3131/1.3790 lineIoU 0.2436 AE 9.15 lat 38.6px acc 0.412 (5s)
epoch 102 loss 0.3128/1.4127 lineIoU 0.2597 AE 9.23 lat 37.5px acc 0.452 (5s)
epoch 103 loss 0.3138/1.3551 lineIoU 0.2369 AE 9.35 lat 39.7px acc 0.42 (5s)
epoch 104 loss 0.3115/1.4181 lineIoU 0.2544 AE 8.89 lat 37.7px acc 0.436 (5s)
epoch 105 loss 0.3113/1.3472 lineIoU 0.2628 AE 9.07 lat 37.5px acc 0.436 (5s)
epoch 106 loss 0.3115/1.3840 lineIoU 0.2514 AE 9.09 lat 37.7px acc 0.432 (5s)
epoch 107 loss 0.3113/1.4268 lineIoU 0.2853 AE 8.67 lat 36.9px acc 0.484 (5s)
epoch 108 loss 0.3112/1.4406 lineIoU 0.2723 AE 8.92 lat 37.6px acc 0.472 (5s)
epoch 109 loss 0.3105/1.3762 lineIoU 0.2561 AE 9.26 lat 38.3px acc 0.456 (5s)
epoch 110 loss 0.3099/1.4142 lineIoU 0.2328 AE 9.55 lat 38.7px acc 0.412 (5s)
epoch 111 loss 0.3098/1.3985 lineIoU 0.2741 AE 8.83 lat 36.5px acc 0.46 (5s)
epoch 112 loss 0.3097/1.3471 lineIoU 0.2529 AE 9.06 lat 38.9px acc 0.436 (5s)
epoch 113 loss 0.3091/1.3891 lineIoU 0.2568 AE 9.08 lat 38.4px acc 0.436 (5s)
epoch 114 loss 0.3082/1.4449 lineIoU 0.2361 AE 9.36 lat 39.6px acc 0.412 (5s)
epoch 115 loss 0.3077/1.4092 lineIoU 0.2530 AE 9.16 lat 38.4px acc 0.428 (6s)
epoch 116 loss 0.3077/1.3786 lineIoU 0.2931 AE 8.75 lat 35.7px acc 0.5 (5s)
epoch 117 loss 0.3083/1.4380 lineIoU 0.2443 AE 9.28 lat 38.7px acc 0.432 (5s)
epoch 118 loss 0.3071/1.3999 lineIoU 0.2560 AE 9.02 lat 38.3px acc 0.472 (5s)
epoch 119 loss 0.3076/1.4015 lineIoU 0.2540 AE 9.22 lat 38.3px acc 0.42 (5s)
epoch 120 loss 0.3084/1.3748 lineIoU 0.2907 AE 8.66 lat 36.4px acc 0.496 (5s)
epoch 121 loss 0.3078/1.3880 lineIoU 0.2584 AE 9.44 lat 38.5px acc 0.436 (5s)
epoch 122 loss 0.3055/1.4418 lineIoU 0.2505 AE 9.15 lat 38.5px acc 0.436 (5s)
epoch 123 loss 0.3060/1.4061 lineIoU 0.2555 AE 8.79 lat 36.9px acc 0.436 (5s)
epoch 124 loss 0.3054/1.4444 lineIoU 0.2330 AE 9.39 lat 38.7px acc 0.404 (5s)
epoch 125 loss 0.3061/1.3844 lineIoU 0.2150 AE 9.39 lat 39.1px acc 0.392 (5s)
epoch 126 loss 0.3057/1.3577 lineIoU 0.2608 AE 8.55 lat 37.1px acc 0.464 (5s)
epoch 127 loss 0.3044/1.4215 lineIoU 0.2402 AE 9.32 lat 38.7px acc 0.416 (5s)
epoch 128 loss 0.3041/1.3816 lineIoU 0.2761 AE 8.82 lat 36.4px acc 0.476 (5s)
epoch 129 loss 0.3049/1.4644 lineIoU 0.2616 AE 8.73 lat 36.7px acc 0.472 (5s)
epoch 130 loss 0.3033/1.4025 lineIoU 0.2414 AE 9.46 lat 38.7px acc 0.412 (5s)
epoch 131 loss 0.3026/1.4565 lineIoU 0.2605 AE 9.14 lat 38.1px acc 0.44 (5s)
epoch 132 loss 0.3018/1.4429 lineIoU 0.2442 AE 8.92 lat 37.2px acc 0.452 (5s)
epoch 133 loss 0.3045/1.4173 lineIoU 0.2539 AE 9.03 lat 38.1px acc 0.452 (5s)
epoch 134 loss 0.3032/1.4487 lineIoU 0.2359 AE 9.24 lat 39.1px acc 0.412 (5s)
epoch 135 loss 0.3015/1.4134 lineIoU 0.2288 AE 9.35 lat 38.7px acc 0.404 (5s)
epoch 136 loss 0.3017/1.4499 lineIoU 0.2444 AE 9.31 lat 38.1px acc 0.424 (5s)
epoch 137 loss 0.3026/1.4105 lineIoU 0.2672 AE 8.98 lat 38.1px acc 0.456 (5s)
epoch 138 loss 0.3024/1.4158 lineIoU 0.2749 AE 8.88 lat 36.4px acc 0.484 (5s)
epoch 139 loss 0.3023/1.4350 lineIoU 0.2551 AE 8.82 lat 36.9px acc 0.46 (5s)
epoch 140 loss 0.3014/1.4707 lineIoU 0.2444 AE 9.4 lat 38.5px acc 0.416 (5s)
epoch 141 loss 0.3021/1.4615 lineIoU 0.2642 AE 8.82 lat 37.7px acc 0.444 (5s)
epoch 142 loss 0.3001/1.4530 lineIoU 0.2188 AE 9.23 lat 38.5px acc 0.4 (5s)
epoch 143 loss 0.3002/1.4446 lineIoU 0.2773 AE 8.74 lat 36.4px acc 0.468 (5s)
epoch 144 loss 0.3000/1.4618 lineIoU 0.2451 AE 9.19 lat 38.9px acc 0.44 (5s)
epoch 145 loss 0.3013/1.4997 lineIoU 0.2190 AE 9.09 lat 38.2px acc 0.392 (5s)
epoch 146 loss 0.2995/1.4364 lineIoU 0.2529 AE 8.75 lat 38.0px acc 0.428 (5s)
early stop at 146 (best line IoU 0.2931 @ 116)
done: best line IoU 0.2931 at epoch 116
