warm-start from ../runs/ccrd_a1_b3_256_ce_seed42/best.pt (epoch 52)
device=cuda params=33694 macs=37.61M
train=28 val=6
epoch   1 loss 0.8517/0.7187 lineIoU 0.0368 AE 25.43 lat 29.4px acc 0.0 (4s)
epoch   2 loss 0.7220/0.6185 lineIoU 0.0362 AE 24.53 lat 27.3px acc 0.0 (0s)
epoch   3 loss 0.6406/0.5454 lineIoU 0.0345 AE 25.96 lat 26.1px acc 0.0 (0s)
epoch   4 loss 0.5598/0.5180 lineIoU 0.0236 AE 24.38 lat 26.4px acc 0.0 (0s)
epoch   5 loss 0.5414/0.4980 lineIoU 0.0239 AE 24.03 lat 26.4px acc 0.0 (0s)
epoch   6 loss 0.4950/0.4826 lineIoU 0.0297 AE 23.66 lat 26.7px acc 0.0 (0s)
epoch   7 loss 0.4788/0.4586 lineIoU 0.0411 AE 22.8 lat 26.7px acc 0.0 (0s)
epoch   8 loss 0.4381/0.4369 lineIoU 0.0430 AE 22.88 lat 26.3px acc 0.0 (0s)
epoch   9 loss 0.4293/0.4198 lineIoU 0.0371 AE 24.27 lat 25.3px acc 0.0 (0s)
epoch  10 loss 0.4032/0.4077 lineIoU 0.0353 AE 25.43 lat 24.8px acc 0.0 (0s)
epoch  11 loss 0.3971/0.3979 lineIoU 0.0414 AE 21.99 lat 23.1px acc 0.0 (0s)
epoch  12 loss 0.3887/0.3941 lineIoU 0.0349 AE 24.57 lat 25.9px acc 0.0 (0s)
epoch  13 loss 0.3841/0.3976 lineIoU 0.0357 AE 23.76 lat 29.4px acc 0.0 (0s)
epoch  14 loss 0.3493/0.3808 lineIoU 0.0361 AE 24.39 lat 29.7px acc 0.0 (0s)
epoch  15 loss 0.3698/0.3749 lineIoU 0.0346 AE 24.15 lat 29.8px acc 0.0 (0s)
epoch  16 loss 0.3547/0.3684 lineIoU 0.0364 AE 22.49 lat 24.6px acc 0.0 (0s)
epoch  17 loss 0.3546/0.3666 lineIoU 0.0358 AE 16.82 lat 26.4px acc 0.0 (0s)
epoch  18 loss 0.3578/0.3585 lineIoU 0.0426 AE 20.37 lat 29.5px acc 0.0 (0s)
epoch  19 loss 0.3541/0.3587 lineIoU 0.0423 AE 21.06 lat 25.5px acc 0.0 (0s)
epoch  20 loss 0.3381/0.3565 lineIoU 0.0369 AE 27.04 lat 36.2px acc 0.0 (0s)
epoch  21 loss 0.3372/0.3530 lineIoU 0.0389 AE 26.47 lat 36.8px acc 0.0 (0s)
epoch  22 loss 0.3341/0.3531 lineIoU 0.0371 AE 27.89 lat 37.0px acc 0.0 (0s)
epoch  23 loss 0.3336/0.3500 lineIoU 0.0391 AE 24.03 lat 30.8px acc 0.0 (0s)
epoch  24 loss 0.3434/0.3485 lineIoU 0.0433 AE 18.18 lat 30.8px acc 0.0 (0s)
epoch  25 loss 0.3389/0.3452 lineIoU 0.0462 AE 21.0 lat 31.5px acc 0.0 (0s)
epoch  26 loss 0.3457/0.3407 lineIoU 0.0380 AE 18.9 lat 29.6px acc 0.0 (0s)
epoch  27 loss 0.3259/0.3356 lineIoU 0.0398 AE 22.51 lat 32.3px acc 0.0 (0s)
epoch  28 loss 0.3130/0.3341 lineIoU 0.0365 AE 18.62 lat 28.8px acc 0.0 (0s)
epoch  29 loss 0.3247/0.3344 lineIoU 0.0503 AE 19.14 lat 27.1px acc 0.0 (0s)
epoch  30 loss 0.3182/0.3347 lineIoU 0.0418 AE 21.1 lat 25.5px acc 0.0 (0s)
epoch  31 loss 0.3294/0.3339 lineIoU 0.0837 AE 17.9 lat 25.6px acc 0.2 (0s)
epoch  32 loss 0.3154/0.3321 lineIoU 0.0443 AE 21.74 lat 25.5px acc 0.0 (0s)
epoch  33 loss 0.3230/0.3363 lineIoU 0.0446 AE 21.22 lat 24.9px acc 0.0 (0s)
epoch  34 loss 0.3137/0.3361 lineIoU 0.0437 AE 21.02 lat 26.3px acc 0.0 (0s)
epoch  35 loss 0.3101/0.3336 lineIoU 0.0441 AE 21.32 lat 26.3px acc 0.0 (0s)
epoch  36 loss 0.3121/0.3298 lineIoU 0.0435 AE 21.23 lat 26.2px acc 0.0 (0s)
epoch  37 loss 0.3018/0.3260 lineIoU 0.0416 AE 21.59 lat 26.4px acc 0.0 (0s)
epoch  38 loss 0.3148/0.3308 lineIoU 0.0441 AE 21.04 lat 26.5px acc 0.0 (0s)
epoch  39 loss 0.3047/0.3366 lineIoU 0.0476 AE 20.12 lat 25.8px acc 0.0 (0s)
epoch  40 loss 0.3171/0.3324 lineIoU 0.0511 AE 19.63 lat 25.7px acc 0.0 (0s)
epoch  41 loss 0.3344/0.3296 lineIoU 0.0477 AE 21.01 lat 26.6px acc 0.0 (0s)
epoch  42 loss 0.3163/0.3285 lineIoU 0.0502 AE 20.01 lat 25.7px acc 0.0 (0s)
epoch  43 loss 0.3097/0.3259 lineIoU 0.0479 AE 20.92 lat 26.0px acc 0.0 (0s)
epoch  44 loss 0.3134/0.3290 lineIoU 0.0506 AE 20.57 lat 25.6px acc 0.0 (0s)
epoch  45 loss 0.3025/0.3310 lineIoU 0.0490 AE 19.1 lat 27.6px acc 0.0 (0s)
epoch  46 loss 0.2937/0.3280 lineIoU 0.0548 AE 17.15 lat 25.6px acc 0.2 (0s)
epoch  47 loss 0.2913/0.3249 lineIoU 0.0697 AE 17.22 lat 25.4px acc 0.2 (0s)
epoch  48 loss 0.2948/0.3218 lineIoU 0.0431 AE 22.73 lat 26.5px acc 0.0 (0s)
epoch  49 loss 0.2931/0.3241 lineIoU 0.0541 AE 19.42 lat 24.8px acc 0.0 (0s)
epoch  50 loss 0.2989/0.3234 lineIoU 0.0555 AE 20.03 lat 25.4px acc 0.2 (0s)
epoch  51 loss 0.3074/0.3293 lineIoU 0.0404 AE 19.08 lat 26.2px acc 0.2 (0s)
epoch  52 loss 0.2874/0.3270 lineIoU 0.0477 AE 19.32 lat 25.7px acc 0.2 (0s)
epoch  53 loss 0.2845/0.3190 lineIoU 0.0458 AE 23.93 lat 26.5px acc 0.0 (0s)
epoch  54 loss 0.3004/0.3155 lineIoU 0.0490 AE 24.69 lat 26.6px acc 0.0 (0s)
epoch  55 loss 0.2880/0.3192 lineIoU 0.0479 AE 24.72 lat 26.5px acc 0.0 (0s)
epoch  56 loss 0.3001/0.3178 lineIoU 0.0621 AE 21.89 lat 24.7px acc 0.0 (0s)
epoch  57 loss 0.2936/0.3213 lineIoU 0.0571 AE 21.93 lat 24.7px acc 0.0 (0s)
epoch  58 loss 0.2927/0.3239 lineIoU 0.0564 AE 22.04 lat 24.6px acc 0.0 (0s)
epoch  59 loss 0.2869/0.3255 lineIoU 0.0518 AE 22.56 lat 26.9px acc 0.0 (0s)
epoch  60 loss 0.2923/0.3225 lineIoU 0.0583 AE 17.44 lat 19.8px acc 0.0 (0s)
epoch  61 loss 0.3041/0.3186 lineIoU 0.0573 AE 17.21 lat 19.8px acc 0.0 (0s)
epoch  62 loss 0.2837/0.3194 lineIoU 0.0573 AE 17.03 lat 19.7px acc 0.0 (0s)
epoch  63 loss 0.2858/0.3234 lineIoU 0.0573 AE 16.7 lat 22.0px acc 0.0 (0s)
epoch  64 loss 0.2787/0.3184 lineIoU 0.0641 AE 14.76 lat 19.7px acc 0.0 (0s)
epoch  65 loss 0.2783/0.3176 lineIoU 0.0836 AE 12.59 lat 18.7px acc 0.0 (0s)
epoch  66 loss 0.2850/0.3157 lineIoU 0.0525 AE 22.52 lat 25.6px acc 0.0 (0s)
epoch  67 loss 0.2745/0.3158 lineIoU 0.0619 AE 19.36 lat 27.8px acc 0.0 (0s)
epoch  68 loss 0.2878/0.3215 lineIoU 0.0470 AE 10.63 lat 21.0px acc 0.2 (0s)
epoch  69 loss 0.2646/0.3164 lineIoU 0.0596 AE 10.26 lat 18.9px acc 0.4 (0s)
epoch  70 loss 0.2688/0.3129 lineIoU 0.0637 AE 13.77 lat 24.9px acc 0.2 (0s)
epoch  71 loss 0.2740/0.3177 lineIoU 0.0748 AE 13.9 lat 26.1px acc 0.2 (0s)
epoch  72 loss 0.2749/0.3197 lineIoU 0.0746 AE 12.85 lat 28.0px acc 0.2 (0s)
epoch  73 loss 0.2741/0.3242 lineIoU 0.0755 AE 12.2 lat 27.9px acc 0.2 (0s)
epoch  74 loss 0.2706/0.3248 lineIoU 0.0925 AE 12.98 lat 28.2px acc 0.2 (0s)
epoch  75 loss 0.2738/0.3200 lineIoU 0.1171 AE 13.05 lat 18.9px acc 0.2 (0s)
epoch  76 loss 0.2690/0.3095 lineIoU 0.1046 AE 12.57 lat 18.2px acc 0.2 (0s)
epoch  77 loss 0.2827/0.3095 lineIoU 0.0705 AE 9.56 lat 18.5px acc 0.2 (0s)
epoch  78 loss 0.2751/0.3125 lineIoU 0.0486 AE 9.9 lat 19.2px acc 0.2 (0s)
epoch  79 loss 0.2668/0.3144 lineIoU 0.0325 AE 12.88 lat 27.1px acc 0.2 (0s)
epoch  80 loss 0.2744/0.3155 lineIoU 0.0517 AE 14.92 lat 24.2px acc 0.2 (0s)
epoch  81 loss 0.2757/0.3244 lineIoU 0.0811 AE 15.41 lat 24.5px acc 0.2 (0s)
epoch  82 loss 0.2692/0.3199 lineIoU 0.0828 AE 15.64 lat 23.7px acc 0.2 (0s)
epoch  83 loss 0.2701/0.3147 lineIoU 0.0510 AE 10.04 lat 18.5px acc 0.2 (0s)
epoch  84 loss 0.2498/0.3206 lineIoU 0.0473 AE 9.8 lat 18.8px acc 0.2 (0s)
epoch  85 loss 0.2518/0.3174 lineIoU 0.0528 AE 15.11 lat 24.3px acc 0.2 (0s)
epoch  86 loss 0.2569/0.3199 lineIoU 0.0480 AE 15.25 lat 24.4px acc 0.2 (0s)
epoch  87 loss 0.2670/0.3123 lineIoU 0.0376 AE 10.06 lat 18.3px acc 0.2 (0s)
epoch  88 loss 0.2840/0.3115 lineIoU 0.0565 AE 9.52 lat 17.9px acc 0.2 (0s)
epoch  89 loss 0.2641/0.3171 lineIoU 0.0360 AE 8.06 lat 17.8px acc 0.2 (0s)
epoch  90 loss 0.2768/0.3217 lineIoU 0.0531 AE 20.25 lat 34.6px acc 0.2 (0s)
epoch  91 loss 0.2787/0.3222 lineIoU 0.0466 AE 19.72 lat 34.6px acc 0.2 (0s)
epoch  92 loss 0.2509/0.3217 lineIoU 0.0365 AE 19.21 lat 34.9px acc 0.2 (0s)
epoch  93 loss 0.2475/0.3233 lineIoU 0.0661 AE 15.36 lat 24.8px acc 0.2 (0s)
epoch  94 loss 0.2585/0.3160 lineIoU 0.0891 AE 15.26 lat 23.4px acc 0.2 (0s)
epoch  95 loss 0.2502/0.3148 lineIoU 0.0796 AE 14.72 lat 23.4px acc 0.2 (0s)
epoch  96 loss 0.2759/0.3202 lineIoU 0.0729 AE 14.35 lat 23.6px acc 0.4 (0s)
epoch  97 loss 0.2555/0.3197 lineIoU 0.1160 AE 15.42 lat 25.1px acc 0.2 (0s)
epoch  98 loss 0.2485/0.3146 lineIoU 0.0741 AE 22.9 lat 33.0px acc 0.2 (0s)
epoch  99 loss 0.2717/0.3136 lineIoU 0.0800 AE 24.17 lat 32.7px acc 0.2 (0s)
epoch 100 loss 0.2457/0.3154 lineIoU 0.0630 AE 18.23 lat 23.8px acc 0.2 (0s)
epoch 101 loss 0.2591/0.3128 lineIoU 0.0297 AE 23.06 lat 34.7px acc 0.2 (0s)
epoch 102 loss 0.2483/0.3155 lineIoU 0.0420 AE 23.26 lat 33.4px acc 0.2 (0s)
epoch 103 loss 0.2527/0.3175 lineIoU 0.0356 AE 23.5 lat 33.6px acc 0.2 (0s)
epoch 104 loss 0.2399/0.3124 lineIoU 0.0131 AE 16.71 lat 27.7px acc 0.4 (0s)
epoch 105 loss 0.2508/0.3164 lineIoU 0.0232 AE 22.62 lat 33.4px acc 0.4 (0s)
epoch 106 loss 0.2552/0.3131 lineIoU 0.0305 AE 9.43 lat 9.7px acc 0.4 (0s)
epoch 107 loss 0.2380/0.3152 lineIoU 0.0210 AE 21.54 lat 27.0px acc 0.4 (0s)
epoch 108 loss 0.2362/0.3284 lineIoU 0.0243 AE 27.29 lat 34.5px acc 0.2 (0s)
epoch 109 loss 0.2396/0.3223 lineIoU 0.0250 AE 26.15 lat 33.4px acc 0.2 (0s)
epoch 110 loss 0.2550/0.3165 lineIoU 0.0303 AE 21.72 lat 25.0px acc 0.2 (0s)
epoch 111 loss 0.2420/0.3190 lineIoU 0.0345 AE 20.69 lat 25.7px acc 0.2 (0s)
epoch 112 loss 0.2348/0.3328 lineIoU 0.0326 AE 26.14 lat 35.4px acc 0.2 (0s)
epoch 113 loss 0.2552/0.3314 lineIoU 0.0697 AE 20.54 lat 25.3px acc 0.2 (0s)
epoch 114 loss 0.2388/0.3227 lineIoU 0.0433 AE 23.31 lat 26.6px acc 0.0 (0s)
epoch 115 loss 0.2393/0.3193 lineIoU 0.0350 AE 24.93 lat 27.6px acc 0.0 (0s)
epoch 116 loss 0.2297/0.3177 lineIoU 0.0331 AE 26.01 lat 28.5px acc 0.0 (0s)
epoch 117 loss 0.2503/0.3230 lineIoU 0.0443 AE 18.55 lat 24.1px acc 0.2 (0s)
epoch 118 loss 0.2487/0.3196 lineIoU 0.0291 AE 20.16 lat 22.5px acc 0.2 (0s)
epoch 119 loss 0.2482/0.3169 lineIoU 0.0296 AE 22.21 lat 31.7px acc 0.2 (0s)
epoch 120 loss 0.2350/0.3127 lineIoU 0.2131 AE 5.83 lat 5.9px acc 0.4 (0s)
epoch 121 loss 0.2373/0.3147 lineIoU 0.0354 AE 16.66 lat 24.0px acc 0.2 (0s)
epoch 122 loss 0.2414/0.3131 lineIoU 0.0303 AE 25.51 lat 32.3px acc 0.2 (0s)
epoch 123 loss 0.2243/0.3090 lineIoU 0.0213 AE 19.6 lat 26.1px acc 0.2 (0s)
epoch 124 loss 0.2338/0.3048 lineIoU 0.0302 AE 25.22 lat 26.9px acc 0.2 (0s)
epoch 125 loss 0.2202/0.3055 lineIoU 0.0291 AE 19.75 lat 21.8px acc 0.2 (0s)
epoch 126 loss 0.2346/0.3070 lineIoU 0.0969 AE 17.45 lat 21.9px acc 0.4 (0s)
epoch 127 loss 0.2396/0.3132 lineIoU 0.0319 AE 23.09 lat 32.4px acc 0.4 (0s)
epoch 128 loss 0.2425/0.3123 lineIoU 0.0670 AE 20.1 lat 24.5px acc 0.4 (0s)
epoch 129 loss 0.2209/0.3138 lineIoU 0.0222 AE 25.12 lat 28.3px acc 0.2 (0s)
epoch 130 loss 0.2228/0.3178 lineIoU 0.0752 AE 23.95 lat 33.6px acc 0.4 (0s)
epoch 131 loss 0.2153/0.3251 lineIoU 0.0950 AE 25.91 lat 35.4px acc 0.2 (0s)
epoch 132 loss 0.2316/0.3203 lineIoU 0.1251 AE 17.66 lat 22.8px acc 0.2 (0s)
epoch 133 loss 0.2355/0.3202 lineIoU 0.0380 AE 23.77 lat 28.2px acc 0.0 (0s)
epoch 134 loss 0.2340/0.3177 lineIoU 0.0326 AE 26.8 lat 29.4px acc 0.0 (0s)
epoch 135 loss 0.2356/0.3148 lineIoU 0.1071 AE 24.95 lat 30.0px acc 0.2 (0s)
epoch 136 loss 0.2183/0.3104 lineIoU 0.0639 AE 23.01 lat 28.2px acc 0.2 (0s)
epoch 137 loss 0.2253/0.3111 lineIoU 0.1081 AE 24.62 lat 29.2px acc 0.2 (0s)
epoch 138 loss 0.2314/0.3039 lineIoU 0.0389 AE 22.78 lat 26.8px acc 0.0 (0s)
epoch 139 loss 0.2244/0.3097 lineIoU 0.0463 AE 19.04 lat 24.8px acc 0.0 (0s)
epoch 140 loss 0.2371/0.3086 lineIoU 0.0840 AE 11.18 lat 14.5px acc 0.0 (0s)
epoch 141 loss 0.2210/0.3090 lineIoU 0.0415 AE 19.99 lat 25.2px acc 0.0 (0s)
epoch 142 loss 0.2193/0.3156 lineIoU 0.0339 AE 23.98 lat 28.5px acc 0.0 (0s)
epoch 143 loss 0.2136/0.3168 lineIoU 0.2196 AE 20.68 lat 25.4px acc 0.4 (0s)
epoch 144 loss 0.2156/0.3161 lineIoU 0.2051 AE 15.19 lat 20.6px acc 0.2 (0s)
epoch 145 loss 0.2250/0.3105 lineIoU 0.1198 AE 23.03 lat 29.9px acc 0.2 (0s)
epoch 146 loss 0.2280/0.3129 lineIoU 0.1356 AE 25.65 lat 31.1px acc 0.2 (0s)
epoch 147 loss 0.2236/0.3121 lineIoU 0.1076 AE 24.57 lat 29.7px acc 0.2 (0s)
epoch 148 loss 0.2242/0.3090 lineIoU 0.1336 AE 22.03 lat 27.0px acc 0.2 (0s)
epoch 149 loss 0.2071/0.3122 lineIoU 0.1170 AE 22.41 lat 26.6px acc 0.2 (0s)
epoch 150 loss 0.2265/0.3096 lineIoU 0.0591 AE 24.29 lat 31.2px acc 0.0 (0s)
epoch 151 loss 0.2156/0.3072 lineIoU 0.0935 AE 21.32 lat 29.9px acc 0.0 (0s)
epoch 152 loss 0.2114/0.3136 lineIoU 0.0878 AE 20.46 lat 29.2px acc 0.2 (0s)
epoch 153 loss 0.2001/0.3145 lineIoU 0.0691 AE 14.55 lat 25.4px acc 0.0 (0s)
epoch 154 loss 0.2100/0.3147 lineIoU 0.0537 AE 19.98 lat 27.6px acc 0.0 (0s)
epoch 155 loss 0.2213/0.3183 lineIoU 0.0550 AE 26.28 lat 31.4px acc 0.0 (0s)
epoch 156 loss 0.2270/0.3225 lineIoU 0.0575 AE 26.93 lat 33.2px acc 0.2 (0s)
epoch 157 loss 0.2097/0.3176 lineIoU 0.0885 AE 23.56 lat 26.6px acc 0.2 (0s)
epoch 158 loss 0.2141/0.3138 lineIoU 0.1036 AE 20.7 lat 26.2px acc 0.2 (0s)
epoch 159 loss 0.2276/0.3101 lineIoU 0.0826 AE 23.1 lat 30.2px acc 0.2 (0s)
epoch 160 loss 0.2052/0.3046 lineIoU 0.1205 AE 14.01 lat 18.4px acc 0.2 (0s)
epoch 161 loss 0.2265/0.3103 lineIoU 0.0876 AE 26.08 lat 33.3px acc 0.2 (0s)
epoch 162 loss 0.2088/0.3066 lineIoU 0.0675 AE 23.58 lat 29.5px acc 0.2 (0s)
epoch 163 loss 0.2074/0.3107 lineIoU 0.0824 AE 24.25 lat 29.7px acc 0.2 (0s)
epoch 164 loss 0.2059/0.3052 lineIoU 0.0472 AE 24.59 lat 30.5px acc 0.2 (0s)
epoch 165 loss 0.2160/0.3040 lineIoU 0.0719 AE 25.1 lat 32.2px acc 0.2 (0s)
epoch 166 loss 0.2070/0.3095 lineIoU 0.0588 AE 26.12 lat 29.1px acc 0.0 (0s)
epoch 167 loss 0.2031/0.3094 lineIoU 0.0504 AE 26.93 lat 28.6px acc 0.0 (0s)
epoch 168 loss 0.2180/0.3019 lineIoU 0.0942 AE 27.76 lat 32.6px acc 0.2 (0s)
epoch 169 loss 0.2101/0.3002 lineIoU 0.0866 AE 24.54 lat 29.2px acc 0.2 (0s)
epoch 170 loss 0.2082/0.3012 lineIoU 0.0358 AE 27.77 lat 30.3px acc 0.0 (0s)
epoch 171 loss 0.2061/0.3086 lineIoU 0.1065 AE 27.52 lat 32.3px acc 0.2 (0s)
epoch 172 loss 0.1959/0.3065 lineIoU 0.0946 AE 25.06 lat 30.0px acc 0.2 (0s)
epoch 173 loss 0.2034/0.3078 lineIoU 0.0818 AE 25.57 lat 30.5px acc 0.2 (0s)
epoch 174 loss 0.2089/0.3069 lineIoU 0.1079 AE 26.62 lat 33.3px acc 0.2 (0s)
epoch 175 loss 0.1954/0.3031 lineIoU 0.0725 AE 24.88 lat 30.2px acc 0.2 (0s)
epoch 176 loss 0.1930/0.3027 lineIoU 0.0834 AE 24.11 lat 29.1px acc 0.2 (0s)
epoch 177 loss 0.1964/0.3052 lineIoU 0.1645 AE 25.52 lat 30.1px acc 0.2 (0s)
epoch 178 loss 0.2065/0.3067 lineIoU 0.1577 AE 26.63 lat 32.6px acc 0.2 (0s)
epoch 179 loss 0.2057/0.3101 lineIoU 0.1759 AE 22.67 lat 27.6px acc 0.2 (0s)
epoch 180 loss 0.1990/0.3127 lineIoU 0.1832 AE 22.72 lat 27.8px acc 0.4 (0s)
epoch 181 loss 0.2003/0.3122 lineIoU 0.1713 AE 22.65 lat 27.8px acc 0.4 (0s)
epoch 182 loss 0.2222/0.3071 lineIoU 0.1214 AE 27.81 lat 33.7px acc 0.2 (0s)
epoch 183 loss 0.1988/0.3052 lineIoU 0.1158 AE 26.4 lat 32.3px acc 0.2 (0s)
epoch 184 loss 0.2060/0.2990 lineIoU 0.0340 AE 25.43 lat 28.1px acc 0.0 (0s)
epoch 185 loss 0.1969/0.3012 lineIoU 0.0326 AE 25.51 lat 27.8px acc 0.0 (0s)
epoch 186 loss 0.1949/0.3112 lineIoU 0.0335 AE 26.96 lat 29.4px acc 0.0 (0s)
epoch 187 loss 0.2012/0.3041 lineIoU 0.0623 AE 25.33 lat 27.9px acc 0.0 (0s)
epoch 188 loss 0.1954/0.2989 lineIoU 0.1659 AE 24.21 lat 30.0px acc 0.2 (0s)
epoch 189 loss 0.1938/0.2989 lineIoU 0.1107 AE 22.71 lat 27.7px acc 0.2 (0s)
epoch 190 loss 0.1989/0.3053 lineIoU 0.0348 AE 26.41 lat 29.3px acc 0.0 (0s)
epoch 191 loss 0.1979/0.3096 lineIoU 0.0339 AE 27.3 lat 29.9px acc 0.0 (0s)
epoch 192 loss 0.2137/0.3059 lineIoU 0.0848 AE 23.86 lat 29.1px acc 0.2 (0s)
epoch 193 loss 0.1977/0.3062 lineIoU 0.0972 AE 23.88 lat 30.6px acc 0.2 (0s)
epoch 194 loss 0.2018/0.3056 lineIoU 0.0478 AE 24.6 lat 31.8px acc 0.2 (0s)
epoch 195 loss 0.2043/0.3005 lineIoU 0.0765 AE 23.18 lat 28.9px acc 0.2 (0s)
epoch 196 loss 0.1903/0.3042 lineIoU 0.0293 AE 19.1 lat 21.0px acc 0.2 (0s)
epoch 197 loss 0.2050/0.3030 lineIoU 0.0445 AE 26.77 lat 31.6px acc 0.0 (0s)
epoch 198 loss 0.1968/0.2986 lineIoU 0.1197 AE 29.96 lat 39.8px acc 0.2 (0s)
epoch 199 loss 0.2018/0.3061 lineIoU 0.1278 AE 27.81 lat 36.8px acc 0.2 (0s)
epoch 200 loss 0.2009/0.3070 lineIoU 0.1111 AE 22.87 lat 28.8px acc 0.2 (0s)
epoch 201 loss 0.1957/0.3064 lineIoU 0.1345 AE 21.5 lat 26.9px acc 0.4 (0s)
epoch 202 loss 0.1819/0.3091 lineIoU 0.0680 AE 25.14 lat 29.7px acc 0.2 (0s)
epoch 203 loss 0.2034/0.3127 lineIoU 0.0435 AE 28.56 lat 33.7px acc 0.0 (0s)
epoch 204 loss 0.1909/0.3079 lineIoU 0.0496 AE 27.77 lat 33.2px acc 0.0 (0s)
epoch 205 loss 0.1945/0.3047 lineIoU 0.0858 AE 24.91 lat 31.2px acc 0.2 (0s)
epoch 206 loss 0.2051/0.3049 lineIoU 0.1249 AE 22.87 lat 27.5px acc 0.2 (0s)
epoch 207 loss 0.2002/0.3058 lineIoU 0.0575 AE 25.43 lat 29.4px acc 0.0 (0s)
epoch 208 loss 0.2028/0.3029 lineIoU 0.0487 AE 26.3 lat 28.5px acc 0.0 (0s)
epoch 209 loss 0.1869/0.3034 lineIoU 0.0506 AE 24.94 lat 28.0px acc 0.0 (0s)
epoch 210 loss 0.1975/0.3029 lineIoU 0.0565 AE 25.87 lat 29.8px acc 0.0 (0s)
epoch 211 loss 0.1923/0.3016 lineIoU 0.0706 AE 25.25 lat 28.9px acc 0.0 (0s)
epoch 212 loss 0.1950/0.3072 lineIoU 0.0882 AE 23.01 lat 28.3px acc 0.2 (0s)
epoch 213 loss 0.1838/0.3064 lineIoU 0.0743 AE 25.97 lat 29.6px acc 0.2 (0s)
epoch 214 loss 0.1911/0.3051 lineIoU 0.0706 AE 26.29 lat 29.6px acc 0.2 (0s)
epoch 215 loss 0.1991/0.3049 lineIoU 0.0559 AE 24.45 lat 27.7px acc 0.0 (0s)
epoch 216 loss 0.1912/0.3036 lineIoU 0.0795 AE 22.03 lat 26.3px acc 0.0 (0s)
epoch 217 loss 0.1864/0.3063 lineIoU 0.0926 AE 25.67 lat 30.1px acc 0.2 (0s)
epoch 218 loss 0.1909/0.3115 lineIoU 0.1071 AE 22.52 lat 26.7px acc 0.2 (0s)
epoch 219 loss 0.1953/0.3109 lineIoU 0.1086 AE 21.68 lat 25.8px acc 0.2 (0s)
epoch 220 loss 0.1821/0.3098 lineIoU 0.1072 AE 22.15 lat 26.7px acc 0.2 (0s)
epoch 221 loss 0.1871/0.3107 lineIoU 0.1009 AE 22.19 lat 27.1px acc 0.4 (0s)
epoch 222 loss 0.1823/0.3093 lineIoU 0.0674 AE 23.09 lat 26.5px acc 0.2 (0s)
epoch 223 loss 0.1893/0.3135 lineIoU 0.0683 AE 25.17 lat 27.9px acc 0.2 (0s)
epoch 224 loss 0.1810/0.3147 lineIoU 0.0718 AE 26.4 lat 29.8px acc 0.2 (0s)
epoch 225 loss 0.1799/0.3105 lineIoU 0.0641 AE 24.53 lat 27.3px acc 0.2 (0s)
epoch 226 loss 0.1997/0.3041 lineIoU 0.0752 AE 27.53 lat 35.0px acc 0.2 (0s)
epoch 227 loss 0.1768/0.3000 lineIoU 0.0903 AE 27.53 lat 35.6px acc 0.4 (0s)
epoch 228 loss 0.1872/0.2981 lineIoU 0.1165 AE 23.73 lat 28.1px acc 0.4 (0s)
epoch 229 loss 0.1853/0.2978 lineIoU 0.1281 AE 23.0 lat 28.8px acc 0.4 (0s)
epoch 230 loss 0.1794/0.3016 lineIoU 0.0783 AE 24.65 lat 28.4px acc 0.2 (0s)
epoch 231 loss 0.1873/0.3116 lineIoU 0.0845 AE 24.56 lat 28.5px acc 0.2 (0s)
epoch 232 loss 0.1965/0.3123 lineIoU 0.0836 AE 25.55 lat 29.4px acc 0.2 (0s)
epoch 233 loss 0.1785/0.3167 lineIoU 0.0755 AE 25.29 lat 29.2px acc 0.2 (0s)
epoch 234 loss 0.1835/0.3105 lineIoU 0.0916 AE 25.51 lat 29.3px acc 0.2 (0s)
epoch 235 loss 0.1823/0.3038 lineIoU 0.1270 AE 22.0 lat 26.7px acc 0.2 (0s)
epoch 236 loss 0.1946/0.3030 lineIoU 0.1522 AE 22.66 lat 27.5px acc 0.4 (0s)
epoch 237 loss 0.1813/0.3068 lineIoU 0.0986 AE 20.58 lat 27.5px acc 0.4 (0s)
epoch 238 loss 0.1858/0.3123 lineIoU 0.1584 AE 18.86 lat 25.5px acc 0.4 (0s)
epoch 239 loss 0.1753/0.3125 lineIoU 0.1188 AE 22.5 lat 28.3px acc 0.4 (0s)
epoch 240 loss 0.1857/0.3073 lineIoU 0.0973 AE 21.96 lat 27.2px acc 0.2 (0s)
epoch 241 loss 0.1811/0.3061 lineIoU 0.1012 AE 23.78 lat 28.3px acc 0.4 (0s)
epoch 242 loss 0.1872/0.3093 lineIoU 0.1473 AE 27.35 lat 36.6px acc 0.4 (0s)
epoch 243 loss 0.1805/0.3015 lineIoU 0.1595 AE 22.53 lat 28.3px acc 0.4 (0s)
epoch 244 loss 0.1794/0.3007 lineIoU 0.1684 AE 27.24 lat 36.2px acc 0.2 (0s)
epoch 245 loss 0.1745/0.3041 lineIoU 0.2138 AE 23.17 lat 28.7px acc 0.2 (0s)
epoch 246 loss 0.1858/0.3090 lineIoU 0.1970 AE 23.66 lat 28.8px acc 0.4 (0s)
epoch 247 loss 0.1693/0.3107 lineIoU 0.0950 AE 24.6 lat 29.1px acc 0.4 (0s)
epoch 248 loss 0.1749/0.3164 lineIoU 0.2225 AE 27.43 lat 37.4px acc 0.4 (0s)
epoch 249 loss 0.1802/0.3174 lineIoU 0.2434 AE 23.25 lat 28.6px acc 0.4 (0s)
epoch 250 loss 0.1861/0.3062 lineIoU 0.1221 AE 26.46 lat 35.5px acc 0.4 (0s)
epoch 251 loss 0.1831/0.3088 lineIoU 0.0930 AE 28.55 lat 38.3px acc 0.2 (0s)
epoch 252 loss 0.1806/0.3081 lineIoU 0.1353 AE 25.66 lat 34.9px acc 0.4 (0s)
epoch 253 loss 0.1731/0.3105 lineIoU 0.1718 AE 22.6 lat 28.3px acc 0.4 (0s)
epoch 254 loss 0.1787/0.3097 lineIoU 0.1422 AE 27.42 lat 36.9px acc 0.2 (0s)
epoch 255 loss 0.1900/0.3117 lineIoU 0.1278 AE 27.47 lat 37.0px acc 0.2 (0s)
epoch 256 loss 0.1834/0.3038 lineIoU 0.0977 AE 26.17 lat 35.7px acc 0.4 (0s)
epoch 257 loss 0.1766/0.3071 lineIoU 0.1357 AE 21.66 lat 27.6px acc 0.4 (0s)
epoch 258 loss 0.1734/0.3036 lineIoU 0.1103 AE 20.52 lat 27.8px acc 0.4 (0s)
epoch 259 loss 0.1762/0.3002 lineIoU 0.0692 AE 20.23 lat 27.6px acc 0.4 (0s)
epoch 260 loss 0.1791/0.3029 lineIoU 0.0686 AE 24.16 lat 28.1px acc 0.2 (0s)
epoch 261 loss 0.1963/0.3099 lineIoU 0.1217 AE 27.16 lat 36.9px acc 0.4 (0s)
epoch 262 loss 0.1792/0.3101 lineIoU 0.0517 AE 26.33 lat 35.9px acc 0.4 (0s)
epoch 263 loss 0.1850/0.3145 lineIoU 0.0671 AE 20.84 lat 27.6px acc 0.2 (0s)
epoch 264 loss 0.1741/0.3133 lineIoU 0.0759 AE 21.38 lat 28.4px acc 0.4 (0s)
epoch 265 loss 0.1749/0.3133 lineIoU 0.0983 AE 21.24 lat 28.4px acc 0.4 (0s)
epoch 266 loss 0.1699/0.3085 lineIoU 0.1080 AE 21.55 lat 29.3px acc 0.4 (0s)
epoch 267 loss 0.1853/0.3049 lineIoU 0.0782 AE 20.71 lat 28.6px acc 0.4 (0s)
epoch 268 loss 0.1815/0.2965 lineIoU 0.0662 AE 19.45 lat 25.9px acc 0.4 (0s)
epoch 269 loss 0.1691/0.2960 lineIoU 0.1135 AE 19.95 lat 26.1px acc 0.4 (0s)
epoch 270 loss 0.1800/0.3002 lineIoU 0.0803 AE 22.14 lat 26.0px acc 0.2 (0s)
epoch 271 loss 0.1669/0.3050 lineIoU 0.0800 AE 22.34 lat 26.0px acc 0.2 (0s)
epoch 272 loss 0.1730/0.3057 lineIoU 0.0802 AE 23.92 lat 27.0px acc 0.2 (0s)
epoch 273 loss 0.1910/0.3048 lineIoU 0.0772 AE 23.46 lat 26.5px acc 0.2 (0s)
epoch 274 loss 0.1781/0.3046 lineIoU 0.0637 AE 24.07 lat 26.9px acc 0.2 (0s)
epoch 275 loss 0.1736/0.3031 lineIoU 0.0670 AE 23.54 lat 26.5px acc 0.2 (0s)
epoch 276 loss 0.1705/0.3051 lineIoU 0.0723 AE 25.09 lat 28.5px acc 0.2 (0s)
epoch 277 loss 0.1707/0.3038 lineIoU 0.0772 AE 24.7 lat 27.8px acc 0.2 (0s)
epoch 278 loss 0.1678/0.3060 lineIoU 0.0733 AE 22.35 lat 25.8px acc 0.2 (0s)
epoch 279 loss 0.1746/0.3046 lineIoU 0.0717 AE 16.78 lat 24.8px acc 0.4 (0s)
epoch 280 loss 0.1767/0.3129 lineIoU 0.0764 AE 18.79 lat 25.6px acc 0.4 (0s)
epoch 281 loss 0.1693/0.3103 lineIoU 0.1012 AE 21.52 lat 28.1px acc 0.4 (0s)
epoch 282 loss 0.1745/0.3115 lineIoU 0.1231 AE 17.81 lat 25.2px acc 0.4 (0s)
epoch 283 loss 0.1712/0.3083 lineIoU 0.1206 AE 17.52 lat 24.9px acc 0.4 (0s)
epoch 284 loss 0.1753/0.3078 lineIoU 0.0689 AE 20.04 lat 27.5px acc 0.4 (0s)
epoch 285 loss 0.1737/0.3026 lineIoU 0.0618 AE 19.97 lat 25.9px acc 0.4 (0s)
epoch 286 loss 0.1734/0.3101 lineIoU 0.0719 AE 20.38 lat 28.0px acc 0.4 (0s)
epoch 287 loss 0.1819/0.3057 lineIoU 0.0775 AE 19.82 lat 27.3px acc 0.4 (0s)
epoch 288 loss 0.1682/0.3065 lineIoU 0.1308 AE 17.3 lat 22.8px acc 0.4 (0s)
epoch 289 loss 0.1676/0.3010 lineIoU 0.0833 AE 21.18 lat 24.9px acc 0.2 (0s)
epoch 290 loss 0.1709/0.2953 lineIoU 0.0663 AE 20.48 lat 25.8px acc 0.4 (0s)
epoch 291 loss 0.1778/0.3033 lineIoU 0.0690 AE 20.8 lat 26.2px acc 0.4 (0s)
epoch 292 loss 0.1758/0.3024 lineIoU 0.0846 AE 20.41 lat 25.6px acc 0.4 (0s)
epoch 293 loss 0.1626/0.3002 lineIoU 0.0814 AE 21.68 lat 24.4px acc 0.2 (0s)
epoch 294 loss 0.1695/0.3045 lineIoU 0.0739 AE 22.28 lat 25.0px acc 0.2 (0s)
epoch 295 loss 0.1742/0.3056 lineIoU 0.0833 AE 21.66 lat 24.4px acc 0.2 (0s)
epoch 296 loss 0.1722/0.3043 lineIoU 0.1517 AE 20.31 lat 26.3px acc 0.4 (0s)
epoch 297 loss 0.1650/0.3064 lineIoU 0.1642 AE 17.19 lat 23.8px acc 0.4 (0s)
epoch 298 loss 0.1632/0.3046 lineIoU 0.1066 AE 18.41 lat 24.0px acc 0.2 (0s)
epoch 299 loss 0.1668/0.3020 lineIoU 0.1189 AE 18.39 lat 23.6px acc 0.2 (0s)
epoch 300 loss 0.1640/0.2993 lineIoU 0.1350 AE 16.62 lat 22.5px acc 0.4 (0s)
epoch 301 loss 0.1715/0.2908 lineIoU 0.1257 AE 17.87 lat 23.6px acc 0.4 (0s)
epoch 302 loss 0.1669/0.2997 lineIoU 0.0894 AE 19.98 lat 24.2px acc 0.2 (0s)
epoch 303 loss 0.1548/0.3054 lineIoU 0.0961 AE 20.85 lat 25.1px acc 0.2 (0s)
epoch 304 loss 0.1764/0.3115 lineIoU 0.0988 AE 19.73 lat 25.9px acc 0.4 (0s)
epoch 305 loss 0.1653/0.3112 lineIoU 0.0874 AE 19.57 lat 25.6px acc 0.4 (0s)
epoch 306 loss 0.1711/0.3135 lineIoU 0.0871 AE 19.42 lat 25.5px acc 0.4 (0s)
epoch 307 loss 0.1652/0.3158 lineIoU 0.1503 AE 19.75 lat 27.1px acc 0.4 (0s)
epoch 308 loss 0.1589/0.3156 lineIoU 0.0890 AE 21.22 lat 25.2px acc 0.2 (0s)
epoch 309 loss 0.1639/0.3042 lineIoU 0.1037 AE 21.0 lat 25.9px acc 0.2 (0s)
epoch 310 loss 0.1660/0.3043 lineIoU 0.0942 AE 18.73 lat 23.8px acc 0.2 (0s)
epoch 311 loss 0.1695/0.2925 lineIoU 0.1415 AE 18.27 lat 24.3px acc 0.4 (0s)
epoch 312 loss 0.1708/0.3007 lineIoU 0.1178 AE 19.18 lat 25.2px acc 0.4 (0s)
epoch 313 loss 0.1564/0.3035 lineIoU 0.0999 AE 19.27 lat 25.1px acc 0.4 (0s)
epoch 314 loss 0.1667/0.3128 lineIoU 0.0745 AE 21.15 lat 25.3px acc 0.2 (0s)
epoch 315 loss 0.1658/0.3054 lineIoU 0.0876 AE 20.3 lat 24.6px acc 0.2 (0s)
epoch 316 loss 0.1682/0.3054 lineIoU 0.0759 AE 19.77 lat 23.8px acc 0.2 (0s)
epoch 317 loss 0.1688/0.3067 lineIoU 0.0823 AE 21.14 lat 24.4px acc 0.2 (0s)
epoch 318 loss 0.1715/0.3051 lineIoU 0.0778 AE 22.21 lat 25.3px acc 0.2 (0s)
epoch 319 loss 0.1633/0.3085 lineIoU 0.0992 AE 18.65 lat 23.8px acc 0.2 (0s)
epoch 320 loss 0.1644/0.3040 lineIoU 0.1389 AE 18.87 lat 25.3px acc 0.4 (0s)
epoch 321 loss 0.1698/0.3045 lineIoU 0.0760 AE 23.71 lat 27.3px acc 0.2 (0s)
epoch 322 loss 0.1691/0.3084 lineIoU 0.0686 AE 23.03 lat 26.2px acc 0.2 (0s)
epoch 323 loss 0.1653/0.3093 lineIoU 0.0787 AE 22.86 lat 26.3px acc 0.2 (0s)
epoch 324 loss 0.1684/0.2991 lineIoU 0.1298 AE 19.06 lat 25.6px acc 0.4 (0s)
epoch 325 loss 0.1681/0.3071 lineIoU 0.1410 AE 16.5 lat 24.2px acc 0.4 (0s)
epoch 326 loss 0.1763/0.3049 lineIoU 0.0972 AE 18.26 lat 25.2px acc 0.2 (0s)
epoch 327 loss 0.1933/0.3046 lineIoU 0.1447 AE 16.71 lat 24.3px acc 0.4 (0s)
epoch 328 loss 0.1624/0.3036 lineIoU 0.1696 AE 17.38 lat 24.4px acc 0.4 (0s)
epoch 329 loss 0.1754/0.3066 lineIoU 0.0913 AE 19.01 lat 24.6px acc 0.2 (0s)
epoch 330 loss 0.1644/0.2962 lineIoU 0.0790 AE 21.01 lat 25.5px acc 0.2 (0s)
epoch 331 loss 0.1611/0.2935 lineIoU 0.1558 AE 21.31 lat 26.4px acc 0.4 (0s)
epoch 332 loss 0.1666/0.2998 lineIoU 0.2074 AE 21.56 lat 27.8px acc 0.4 (0s)
epoch 333 loss 0.1549/0.3022 lineIoU 0.2229 AE 17.0 lat 23.2px acc 0.4 (0s)
epoch 334 loss 0.1652/0.3034 lineIoU 0.1572 AE 20.23 lat 25.5px acc 0.4 (0s)
epoch 335 loss 0.1574/0.3041 lineIoU 0.1373 AE 23.28 lat 28.8px acc 0.4 (0s)
epoch 336 loss 0.1575/0.3004 lineIoU 0.1078 AE 23.42 lat 28.6px acc 0.4 (0s)
epoch 337 loss 0.1641/0.2934 lineIoU 0.0815 AE 22.84 lat 26.7px acc 0.2 (0s)
epoch 338 loss 0.1574/0.2991 lineIoU 0.0734 AE 21.99 lat 26.4px acc 0.2 (0s)
epoch 339 loss 0.1639/0.3032 lineIoU 0.0818 AE 23.37 lat 27.3px acc 0.2 (0s)
epoch 340 loss 0.1577/0.3096 lineIoU 0.1094 AE 23.0 lat 27.3px acc 0.4 (0s)
epoch 341 loss 0.1651/0.3090 lineIoU 0.1050 AE 22.71 lat 26.8px acc 0.4 (0s)
epoch 342 loss 0.1760/0.3165 lineIoU 0.1075 AE 22.34 lat 26.4px acc 0.4 (0s)
epoch 343 loss 0.1518/0.3205 lineIoU 0.1270 AE 22.55 lat 27.7px acc 0.4 (0s)
epoch 344 loss 0.1713/0.3168 lineIoU 0.2005 AE 18.96 lat 26.1px acc 0.4 (0s)
epoch 345 loss 0.1640/0.3159 lineIoU 0.1731 AE 18.29 lat 25.4px acc 0.4 (0s)
epoch 346 loss 0.1536/0.3093 lineIoU 0.1738 AE 17.24 lat 24.3px acc 0.4 (0s)
epoch 347 loss 0.1700/0.3079 lineIoU 0.2037 AE 18.68 lat 24.7px acc 0.4 (0s)
epoch 348 loss 0.1661/0.3037 lineIoU 0.1830 AE 19.97 lat 25.1px acc 0.4 (0s)
epoch 349 loss 0.1686/0.2976 lineIoU 0.1495 AE 18.83 lat 24.5px acc 0.4 (0s)
epoch 350 loss 0.1635/0.2956 lineIoU 0.1757 AE 17.26 lat 22.9px acc 0.4 (0s)
epoch 351 loss 0.1619/0.2960 lineIoU 0.1763 AE 17.35 lat 24.0px acc 0.4 (0s)
epoch 352 loss 0.1554/0.3001 lineIoU 0.1341 AE 18.13 lat 24.5px acc 0.4 (0s)
epoch 353 loss 0.1816/0.2950 lineIoU 0.1659 AE 20.64 lat 27.5px acc 0.4 (0s)
epoch 354 loss 0.1505/0.2936 lineIoU 0.1555 AE 20.06 lat 25.8px acc 0.4 (0s)
epoch 355 loss 0.1626/0.2999 lineIoU 0.1953 AE 20.24 lat 26.2px acc 0.4 (0s)
epoch 356 loss 0.1651/0.3072 lineIoU 0.2170 AE 19.88 lat 26.0px acc 0.4 (0s)
epoch 357 loss 0.1722/0.3047 lineIoU 0.1317 AE 19.32 lat 25.3px acc 0.4 (0s)
epoch 358 loss 0.1567/0.2999 lineIoU 0.1609 AE 19.18 lat 25.0px acc 0.4 (0s)
epoch 359 loss 0.1625/0.2932 lineIoU 0.1317 AE 19.26 lat 23.9px acc 0.4 (0s)
epoch 360 loss 0.1594/0.2937 lineIoU 0.2617 AE 18.95 lat 23.7px acc 0.4 (0s)
epoch 361 loss 0.1614/0.3053 lineIoU 0.2018 AE 18.71 lat 24.3px acc 0.4 (0s)
epoch 362 loss 0.1552/0.3039 lineIoU 0.1726 AE 18.74 lat 24.1px acc 0.4 (0s)
epoch 363 loss 0.1531/0.3066 lineIoU 0.0880 AE 20.46 lat 24.4px acc 0.2 (0s)
epoch 364 loss 0.1586/0.3104 lineIoU 0.1829 AE 18.55 lat 22.9px acc 0.4 (0s)
epoch 365 loss 0.1701/0.3052 lineIoU 0.1631 AE 17.98 lat 23.3px acc 0.4 (0s)
epoch 366 loss 0.1507/0.3046 lineIoU 0.1854 AE 18.2 lat 23.5px acc 0.4 (0s)
epoch 367 loss 0.1680/0.3104 lineIoU 0.1953 AE 20.01 lat 24.0px acc 0.4 (0s)
epoch 368 loss 0.1558/0.3088 lineIoU 0.1676 AE 19.83 lat 24.7px acc 0.4 (0s)
epoch 369 loss 0.1557/0.3099 lineIoU 0.1123 AE 19.94 lat 24.1px acc 0.2 (0s)
epoch 370 loss 0.1641/0.3031 lineIoU 0.1060 AE 19.23 lat 24.4px acc 0.2 (0s)
epoch 371 loss 0.1583/0.3106 lineIoU 0.1098 AE 20.49 lat 25.4px acc 0.2 (0s)
epoch 372 loss 0.1687/0.3137 lineIoU 0.1078 AE 18.3 lat 22.6px acc 0.2 (0s)
epoch 373 loss 0.1490/0.3237 lineIoU 0.1489 AE 10.33 lat 9.9px acc 0.2 (0s)
epoch 374 loss 0.1603/0.3230 lineIoU 0.2578 AE 12.54 lat 20.0px acc 0.4 (0s)
epoch 375 loss 0.1625/0.3136 lineIoU 0.2676 AE 16.12 lat 22.5px acc 0.4 (0s)
epoch 376 loss 0.1590/0.3114 lineIoU 0.1645 AE 17.45 lat 22.5px acc 0.2 (0s)
epoch 377 loss 0.1462/0.3083 lineIoU 0.1139 AE 20.16 lat 25.6px acc 0.2 (0s)
epoch 378 loss 0.1572/0.3093 lineIoU 0.1145 AE 19.51 lat 23.6px acc 0.2 (0s)
epoch 379 loss 0.1588/0.3075 lineIoU 0.1216 AE 19.25 lat 23.4px acc 0.2 (0s)
epoch 380 loss 0.1494/0.3053 lineIoU 0.1459 AE 18.43 lat 22.6px acc 0.2 (0s)
epoch 381 loss 0.1539/0.3070 lineIoU 0.1278 AE 21.0 lat 25.0px acc 0.2 (0s)
epoch 382 loss 0.1547/0.3040 lineIoU 0.1693 AE 20.35 lat 24.3px acc 0.4 (0s)
epoch 383 loss 0.1574/0.3104 lineIoU 0.1232 AE 22.26 lat 25.8px acc 0.2 (0s)
epoch 384 loss 0.1494/0.3178 lineIoU 0.1439 AE 22.61 lat 27.0px acc 0.2 (0s)
epoch 385 loss 0.1504/0.3132 lineIoU 0.1191 AE 20.53 lat 24.3px acc 0.2 (0s)
epoch 386 loss 0.1645/0.3035 lineIoU 0.1028 AE 19.7 lat 23.4px acc 0.2 (0s)
epoch 387 loss 0.1498/0.3016 lineIoU 0.1179 AE 21.22 lat 24.9px acc 0.2 (0s)
epoch 388 loss 0.1486/0.3050 lineIoU 0.1216 AE 22.02 lat 25.7px acc 0.2 (0s)
epoch 389 loss 0.1612/0.3053 lineIoU 0.1994 AE 20.46 lat 25.4px acc 0.4 (0s)
epoch 390 loss 0.1513/0.3058 lineIoU 0.1886 AE 19.57 lat 25.3px acc 0.4 (0s)
epoch 391 loss 0.1535/0.3022 lineIoU 0.2023 AE 20.21 lat 25.0px acc 0.4 (0s)
epoch 392 loss 0.1573/0.3062 lineIoU 0.2393 AE 20.61 lat 25.0px acc 0.4 (0s)
epoch 393 loss 0.1575/0.3045 lineIoU 0.1467 AE 20.6 lat 24.9px acc 0.4 (0s)
epoch 394 loss 0.1469/0.3052 lineIoU 0.1492 AE 17.58 lat 22.5px acc 0.4 (0s)
epoch 395 loss 0.1516/0.2955 lineIoU 0.1765 AE 19.67 lat 24.7px acc 0.4 (0s)
epoch 396 loss 0.1466/0.2960 lineIoU 0.1193 AE 20.59 lat 24.2px acc 0.2 (0s)
epoch 397 loss 0.1523/0.3068 lineIoU 0.1249 AE 20.15 lat 24.4px acc 0.2 (0s)
epoch 398 loss 0.1520/0.3151 lineIoU 0.2419 AE 15.39 lat 21.3px acc 0.4 (0s)
epoch 399 loss 0.1522/0.3147 lineIoU 0.1847 AE 16.77 lat 21.9px acc 0.2 (0s)
epoch 400 loss 0.1485/0.3118 lineIoU 0.1665 AE 18.04 lat 23.1px acc 0.2 (0s)
epoch 401 loss 0.1493/0.3118 lineIoU 0.2167 AE 20.07 lat 25.5px acc 0.4 (0s)
epoch 402 loss 0.1780/0.3029 lineIoU 0.1364 AE 19.23 lat 24.9px acc 0.4 (0s)
epoch 403 loss 0.1608/0.2989 lineIoU 0.1209 AE 19.84 lat 25.2px acc 0.4 (0s)
epoch 404 loss 0.1461/0.3010 lineIoU 0.1087 AE 20.28 lat 24.4px acc 0.2 (0s)
epoch 405 loss 0.1509/0.3022 lineIoU 0.2030 AE 18.77 lat 23.7px acc 0.4 (0s)
epoch 406 loss 0.1430/0.3084 lineIoU 0.1869 AE 20.03 lat 22.1px acc 0.4 (0s)
epoch 407 loss 0.1662/0.3107 lineIoU 0.2074 AE 20.78 lat 22.3px acc 0.4 (0s)
epoch 408 loss 0.1586/0.3114 lineIoU 0.2185 AE 18.79 lat 24.2px acc 0.4 (0s)
epoch 409 loss 0.1520/0.3109 lineIoU 0.2544 AE 19.59 lat 22.6px acc 0.4 (0s)
epoch 410 loss 0.1507/0.3127 lineIoU 0.2866 AE 13.38 lat 20.6px acc 0.4 (0s)
epoch 411 loss 0.1534/0.3130 lineIoU 0.2289 AE 14.59 lat 21.6px acc 0.4 (0s)
epoch 412 loss 0.1561/0.3166 lineIoU 0.0842 AE 22.08 lat 25.7px acc 0.2 (0s)
epoch 413 loss 0.1466/0.3123 lineIoU 0.0874 AE 21.52 lat 25.1px acc 0.2 (0s)
epoch 414 loss 0.1597/0.3086 lineIoU 0.1040 AE 21.49 lat 25.0px acc 0.2 (0s)
epoch 415 loss 0.1467/0.3165 lineIoU 0.1521 AE 20.09 lat 25.3px acc 0.2 (0s)
epoch 416 loss 0.1522/0.3180 lineIoU 0.1531 AE 16.72 lat 21.7px acc 0.2 (0s)
epoch 417 loss 0.1467/0.3127 lineIoU 0.1593 AE 17.9 lat 22.5px acc 0.2 (0s)
epoch 418 loss 0.1466/0.3021 lineIoU 0.1292 AE 20.23 lat 24.1px acc 0.2 (0s)
epoch 419 loss 0.1417/0.3060 lineIoU 0.1159 AE 20.8 lat 24.7px acc 0.2 (0s)
epoch 420 loss 0.1590/0.2996 lineIoU 0.1214 AE 19.17 lat 24.8px acc 0.4 (0s)
epoch 421 loss 0.1489/0.2994 lineIoU 0.1405 AE 20.18 lat 25.3px acc 0.4 (0s)
epoch 422 loss 0.1527/0.2974 lineIoU 0.0904 AE 22.08 lat 25.4px acc 0.2 (0s)
epoch 423 loss 0.1578/0.3033 lineIoU 0.1121 AE 22.05 lat 25.9px acc 0.2 (0s)
epoch 424 loss 0.1508/0.3099 lineIoU 0.1521 AE 22.89 lat 22.6px acc 0.2 (0s)
epoch 425 loss 0.1496/0.3037 lineIoU 0.1143 AE 19.67 lat 23.8px acc 0.2 (0s)
epoch 426 loss 0.1412/0.3098 lineIoU 0.1692 AE 19.66 lat 25.5px acc 0.4 (0s)
epoch 427 loss 0.1577/0.3134 lineIoU 0.1011 AE 20.43 lat 25.1px acc 0.2 (0s)
epoch 428 loss 0.1534/0.3194 lineIoU 0.1230 AE 18.69 lat 24.5px acc 0.2 (0s)
epoch 429 loss 0.1575/0.3099 lineIoU 0.1594 AE 16.77 lat 22.8px acc 0.4 (0s)
epoch 430 loss 0.1515/0.3050 lineIoU 0.1456 AE 17.22 lat 22.7px acc 0.4 (0s)
epoch 431 loss 0.1421/0.3072 lineIoU 0.1693 AE 18.44 lat 23.2px acc 0.4 (0s)
epoch 432 loss 0.1491/0.3046 lineIoU 0.0825 AE 21.44 lat 25.1px acc 0.2 (0s)
epoch 433 loss 0.1489/0.3049 lineIoU 0.0815 AE 21.85 lat 25.5px acc 0.2 (0s)
epoch 434 loss 0.1460/0.3098 lineIoU 0.0991 AE 21.83 lat 25.6px acc 0.2 (0s)
epoch 435 loss 0.1491/0.3060 lineIoU 0.0946 AE 21.0 lat 25.0px acc 0.2 (0s)
epoch 436 loss 0.1655/0.3029 lineIoU 0.1511 AE 20.35 lat 25.7px acc 0.4 (0s)
epoch 437 loss 0.1430/0.3095 lineIoU 0.1714 AE 21.54 lat 26.7px acc 0.2 (0s)
epoch 438 loss 0.1449/0.3084 lineIoU 0.1639 AE 20.59 lat 24.8px acc 0.2 (0s)
epoch 439 loss 0.1505/0.3072 lineIoU 0.1534 AE 21.12 lat 25.5px acc 0.2 (0s)
epoch 440 loss 0.1455/0.3114 lineIoU 0.3189 AE 17.02 lat 22.2px acc 0.4 (0s)
epoch 441 loss 0.1445/0.3004 lineIoU 0.1526 AE 21.09 lat 26.1px acc 0.2 (0s)
epoch 442 loss 0.1437/0.3081 lineIoU 0.1306 AE 21.56 lat 26.5px acc 0.2 (0s)
epoch 443 loss 0.1443/0.3105 lineIoU 0.1909 AE 20.1 lat 25.9px acc 0.4 (0s)
epoch 444 loss 0.1408/0.3194 lineIoU 0.2040 AE 19.59 lat 25.5px acc 0.4 (0s)
epoch 445 loss 0.1453/0.3122 lineIoU 0.1828 AE 20.13 lat 25.6px acc 0.4 (0s)
epoch 446 loss 0.1440/0.3103 lineIoU 0.1883 AE 19.17 lat 25.1px acc 0.4 (0s)
epoch 447 loss 0.1441/0.3140 lineIoU 0.1391 AE 20.14 lat 24.5px acc 0.2 (0s)
epoch 448 loss 0.1571/0.3149 lineIoU 0.1421 AE 19.66 lat 23.8px acc 0.2 (0s)
epoch 449 loss 0.1447/0.3079 lineIoU 0.1604 AE 19.48 lat 23.6px acc 0.2 (0s)
epoch 450 loss 0.1470/0.3106 lineIoU 0.1385 AE 20.46 lat 24.7px acc 0.2 (0s)
epoch 451 loss 0.1503/0.3089 lineIoU 0.1258 AE 20.59 lat 24.6px acc 0.2 (0s)
epoch 452 loss 0.1492/0.3068 lineIoU 0.1299 AE 21.15 lat 26.5px acc 0.2 (0s)
epoch 453 loss 0.1446/0.3112 lineIoU 0.1369 AE 20.9 lat 26.6px acc 0.2 (0s)
epoch 454 loss 0.1487/0.3070 lineIoU 0.1579 AE 19.74 lat 25.6px acc 0.2 (0s)
epoch 455 loss 0.1487/0.3073 lineIoU 0.1634 AE 18.62 lat 23.7px acc 0.2 (0s)
epoch 456 loss 0.1457/0.3145 lineIoU 0.1483 AE 18.08 lat 23.5px acc 0.2 (0s)
epoch 457 loss 0.1451/0.3141 lineIoU 0.1776 AE 20.56 lat 22.3px acc 0.4 (0s)
epoch 458 loss 0.1416/0.3132 lineIoU 0.1533 AE 21.78 lat 23.0px acc 0.2 (0s)
epoch 459 loss 0.1425/0.3157 lineIoU 0.1375 AE 20.81 lat 25.3px acc 0.2 (0s)
epoch 460 loss 0.1442/0.3192 lineIoU 0.1914 AE 19.76 lat 25.1px acc 0.4 (0s)
epoch 461 loss 0.1368/0.3095 lineIoU 0.2320 AE 18.65 lat 24.2px acc 0.4 (0s)
epoch 462 loss 0.1413/0.3006 lineIoU 0.2188 AE 17.98 lat 23.6px acc 0.4 (0s)
epoch 463 loss 0.1480/0.2991 lineIoU 0.1827 AE 19.83 lat 25.2px acc 0.4 (0s)
epoch 464 loss 0.1341/0.3008 lineIoU 0.1321 AE 21.12 lat 25.7px acc 0.2 (0s)
epoch 465 loss 0.1493/0.3028 lineIoU 0.2301 AE 19.94 lat 25.4px acc 0.4 (0s)
epoch 466 loss 0.1434/0.3023 lineIoU 0.1766 AE 19.29 lat 25.1px acc 0.4 (0s)
epoch 467 loss 0.1447/0.3166 lineIoU 0.3085 AE 20.84 lat 24.7px acc 0.4 (0s)
epoch 468 loss 0.1532/0.3179 lineIoU 0.2191 AE 19.73 lat 25.1px acc 0.4 (0s)
epoch 469 loss 0.1434/0.3141 lineIoU 0.2574 AE 19.46 lat 26.1px acc 0.4 (0s)
epoch 470 loss 0.1428/0.3033 lineIoU 0.2149 AE 19.25 lat 24.8px acc 0.4 (0s)
epoch 471 loss 0.1480/0.3047 lineIoU 0.1730 AE 19.45 lat 24.7px acc 0.4 (0s)
epoch 472 loss 0.1378/0.3118 lineIoU 0.1664 AE 19.16 lat 24.7px acc 0.4 (0s)
epoch 473 loss 0.1389/0.3149 lineIoU 0.2376 AE 18.33 lat 23.7px acc 0.4 (0s)
epoch 474 loss 0.1523/0.3203 lineIoU 0.2744 AE 17.42 lat 24.2px acc 0.4 (0s)
epoch 475 loss 0.1397/0.3159 lineIoU 0.2762 AE 17.13 lat 24.1px acc 0.4 (0s)
epoch 476 loss 0.1529/0.3166 lineIoU 0.1527 AE 17.97 lat 23.5px acc 0.2 (0s)
epoch 477 loss 0.1395/0.3117 lineIoU 0.1858 AE 18.4 lat 24.0px acc 0.4 (0s)
epoch 478 loss 0.1461/0.3153 lineIoU 0.1921 AE 18.53 lat 24.3px acc 0.4 (0s)
epoch 479 loss 0.1421/0.3197 lineIoU 0.1650 AE 17.99 lat 23.5px acc 0.4 (0s)
epoch 480 loss 0.1353/0.3257 lineIoU 0.1560 AE 18.35 lat 23.7px acc 0.4 (0s)
epoch 481 loss 0.1444/0.3228 lineIoU 0.1446 AE 19.94 lat 24.8px acc 0.4 (0s)
epoch 482 loss 0.1431/0.3230 lineIoU 0.2015 AE 19.08 lat 24.9px acc 0.4 (0s)
epoch 483 loss 0.1473/0.3226 lineIoU 0.1282 AE 18.46 lat 23.2px acc 0.2 (0s)
epoch 484 loss 0.1479/0.3182 lineIoU 0.2090 AE 16.95 lat 23.7px acc 0.4 (0s)
epoch 485 loss 0.1477/0.3073 lineIoU 0.1398 AE 18.61 lat 23.8px acc 0.4 (0s)
epoch 486 loss 0.1477/0.3095 lineIoU 0.1721 AE 19.45 lat 25.5px acc 0.4 (0s)
epoch 487 loss 0.1464/0.3125 lineIoU 0.1721 AE 19.78 lat 25.8px acc 0.4 (0s)
epoch 488 loss 0.1387/0.3163 lineIoU 0.0947 AE 20.94 lat 25.4px acc 0.2 (0s)
epoch 489 loss 0.1586/0.3281 lineIoU 0.0905 AE 21.58 lat 25.7px acc 0.2 (0s)
epoch 490 loss 0.1475/0.3253 lineIoU 0.0977 AE 21.56 lat 25.7px acc 0.2 (0s)
epoch 491 loss 0.1434/0.3244 lineIoU 0.0848 AE 22.11 lat 25.9px acc 0.2 (0s)
epoch 492 loss 0.1396/0.3288 lineIoU 0.2827 AE 19.99 lat 27.1px acc 0.4 (0s)
epoch 493 loss 0.1444/0.3228 lineIoU 0.1383 AE 19.11 lat 25.7px acc 0.4 (0s)
epoch 494 loss 0.1564/0.3155 lineIoU 0.1818 AE 16.8 lat 23.5px acc 0.4 (0s)
epoch 495 loss 0.1450/0.3178 lineIoU 0.1195 AE 17.95 lat 23.1px acc 0.2 (0s)
epoch 496 loss 0.1464/0.3148 lineIoU 0.1204 AE 17.48 lat 23.0px acc 0.4 (0s)
epoch 497 loss 0.1333/0.3176 lineIoU 0.1852 AE 17.55 lat 23.4px acc 0.4 (0s)
epoch 498 loss 0.1428/0.3183 lineIoU 0.2211 AE 17.37 lat 23.3px acc 0.4 (0s)
epoch 499 loss 0.1388/0.3212 lineIoU 0.2116 AE 17.9 lat 23.7px acc 0.4 (0s)
epoch 500 loss 0.1406/0.3231 lineIoU 0.1776 AE 18.81 lat 24.2px acc 0.4 (0s)
epoch 501 loss 0.1434/0.3218 lineIoU 0.1055 AE 18.87 lat 24.5px acc 0.2 (0s)
epoch 502 loss 0.1615/0.3132 lineIoU 0.1428 AE 19.01 lat 24.9px acc 0.4 (0s)
epoch 503 loss 0.1338/0.3143 lineIoU 0.1529 AE 17.88 lat 23.3px acc 0.4 (0s)
epoch 504 loss 0.1492/0.3232 lineIoU 0.1787 AE 16.85 lat 22.9px acc 0.4 (0s)
epoch 505 loss 0.1345/0.3178 lineIoU 0.2326 AE 20.39 lat 21.2px acc 0.4 (0s)
epoch 506 loss 0.1517/0.3069 lineIoU 0.0985 AE 21.21 lat 27.1px acc 0.2 (0s)
epoch 507 loss 0.1390/0.3173 lineIoU 0.0855 AE 21.55 lat 27.5px acc 0.2 (0s)
epoch 508 loss 0.1463/0.3157 lineIoU 0.0782 AE 20.74 lat 26.5px acc 0.2 (0s)
epoch 509 loss 0.1380/0.3209 lineIoU 0.0862 AE 19.07 lat 24.8px acc 0.2 (0s)
epoch 510 loss 0.1411/0.3205 lineIoU 0.0932 AE 17.83 lat 24.4px acc 0.2 (0s)
epoch 511 loss 0.1390/0.3223 lineIoU 0.1048 AE 19.25 lat 25.1px acc 0.2 (0s)
epoch 512 loss 0.1371/0.3214 lineIoU 0.0358 AE 22.61 lat 28.7px acc 0.0 (0s)
epoch 513 loss 0.1341/0.3189 lineIoU 0.1553 AE 18.59 lat 23.9px acc 0.2 (0s)
epoch 514 loss 0.1357/0.3115 lineIoU 0.2849 AE 16.96 lat 22.5px acc 0.4 (0s)
epoch 515 loss 0.1459/0.3068 lineIoU 0.2501 AE 16.59 lat 22.6px acc 0.4 (0s)
epoch 516 loss 0.1374/0.3094 lineIoU 0.1902 AE 17.07 lat 23.0px acc 0.4 (0s)
epoch 517 loss 0.1415/0.3015 lineIoU 0.0963 AE 18.74 lat 24.5px acc 0.2 (0s)
epoch 518 loss 0.1435/0.3089 lineIoU 0.2127 AE 16.75 lat 22.7px acc 0.4 (0s)
epoch 519 loss 0.1410/0.3115 lineIoU 0.0921 AE 19.77 lat 25.5px acc 0.2 (0s)
epoch 520 loss 0.1413/0.3152 lineIoU 0.0880 AE 19.16 lat 25.1px acc 0.2 (0s)
epoch 521 loss 0.1387/0.3131 lineIoU 0.1445 AE 17.31 lat 24.0px acc 0.4 (0s)
epoch 522 loss 0.1372/0.3173 lineIoU 0.1496 AE 16.95 lat 23.2px acc 0.4 (0s)
epoch 523 loss 0.1385/0.3157 lineIoU 0.1620 AE 17.04 lat 23.4px acc 0.4 (0s)
epoch 524 loss 0.1427/0.3094 lineIoU 0.1982 AE 17.84 lat 23.8px acc 0.4 (0s)
epoch 525 loss 0.1372/0.3116 lineIoU 0.1566 AE 17.11 lat 23.5px acc 0.4 (0s)
epoch 526 loss 0.1303/0.3106 lineIoU 0.1431 AE 16.92 lat 23.6px acc 0.4 (0s)
epoch 527 loss 0.1393/0.3150 lineIoU 0.1684 AE 17.35 lat 23.8px acc 0.4 (0s)
epoch 528 loss 0.1260/0.3168 lineIoU 0.1211 AE 18.57 lat 24.4px acc 0.2 (0s)
epoch 529 loss 0.1450/0.3129 lineIoU 0.1113 AE 18.88 lat 23.4px acc 0.2 (0s)
epoch 530 loss 0.1347/0.3109 lineIoU 0.1205 AE 18.53 lat 23.3px acc 0.2 (0s)
epoch 531 loss 0.1512/0.2996 lineIoU 0.1192 AE 18.22 lat 23.2px acc 0.2 (0s)
epoch 532 loss 0.1455/0.3027 lineIoU 0.2171 AE 17.54 lat 23.0px acc 0.4 (0s)
epoch 533 loss 0.1319/0.3046 lineIoU 0.2560 AE 17.64 lat 23.2px acc 0.4 (0s)
epoch 534 loss 0.1301/0.3113 lineIoU 0.1725 AE 18.48 lat 24.0px acc 0.4 (0s)
epoch 535 loss 0.1386/0.3157 lineIoU 0.1379 AE 19.6 lat 24.9px acc 0.4 (0s)
epoch 536 loss 0.1435/0.3107 lineIoU 0.0831 AE 21.7 lat 26.0px acc 0.2 (0s)
epoch 537 loss 0.1320/0.3160 lineIoU 0.0869 AE 21.69 lat 26.0px acc 0.2 (0s)
epoch 538 loss 0.1314/0.3166 lineIoU 0.0904 AE 20.65 lat 25.1px acc 0.2 (0s)
epoch 539 loss 0.1362/0.3130 lineIoU 0.0915 AE 20.68 lat 25.1px acc 0.2 (0s)
epoch 540 loss 0.1359/0.3141 lineIoU 0.1122 AE 20.47 lat 25.0px acc 0.2 (0s)
epoch 541 loss 0.1301/0.3203 lineIoU 0.1026 AE 21.74 lat 26.0px acc 0.2 (0s)
epoch 542 loss 0.1344/0.3111 lineIoU 0.1106 AE 20.64 lat 25.2px acc 0.2 (0s)
epoch 543 loss 0.1316/0.3153 lineIoU 0.1182 AE 21.31 lat 25.6px acc 0.2 (0s)
epoch 544 loss 0.1344/0.3251 lineIoU 0.1103 AE 21.33 lat 25.5px acc 0.2 (0s)
epoch 545 loss 0.1394/0.3271 lineIoU 0.1109 AE 20.66 lat 24.9px acc 0.2 (0s)
epoch 546 loss 0.1345/0.3308 lineIoU 0.0989 AE 20.13 lat 24.5px acc 0.2 (0s)
epoch 547 loss 0.1441/0.3165 lineIoU 0.0968 AE 20.63 lat 24.8px acc 0.2 (0s)
epoch 548 loss 0.1327/0.3152 lineIoU 0.1492 AE 19.53 lat 25.4px acc 0.4 (0s)
epoch 549 loss 0.1337/0.3171 lineIoU 0.1057 AE 20.61 lat 25.4px acc 0.2 (0s)
epoch 550 loss 0.1342/0.3207 lineIoU 0.1116 AE 20.2 lat 25.0px acc 0.2 (0s)
epoch 551 loss 0.1254/0.3198 lineIoU 0.1420 AE 18.1 lat 24.7px acc 0.4 (0s)
epoch 552 loss 0.1326/0.3226 lineIoU 0.1333 AE 19.25 lat 23.9px acc 0.4 (0s)
epoch 553 loss 0.1417/0.3227 lineIoU 0.1467 AE 19.9 lat 24.6px acc 0.4 (0s)
epoch 554 loss 0.1295/0.3268 lineIoU 0.1212 AE 20.96 lat 25.2px acc 0.2 (0s)
epoch 555 loss 0.1375/0.3217 lineIoU 0.1375 AE 19.71 lat 24.6px acc 0.4 (0s)
epoch 556 loss 0.1340/0.3216 lineIoU 0.1463 AE 19.85 lat 24.8px acc 0.4 (0s)
epoch 557 loss 0.1338/0.3233 lineIoU 0.2171 AE 18.56 lat 24.1px acc 0.4 (0s)
epoch 558 loss 0.1353/0.3238 lineIoU 0.1949 AE 18.85 lat 24.4px acc 0.4 (0s)
epoch 559 loss 0.1350/0.3197 lineIoU 0.0992 AE 20.67 lat 25.6px acc 0.2 (0s)
epoch 560 loss 0.1267/0.3158 lineIoU 0.0988 AE 20.96 lat 25.6px acc 0.2 (0s)
epoch 561 loss 0.1368/0.3092 lineIoU 0.2471 AE 19.06 lat 24.5px acc 0.4 (0s)
epoch 562 loss 0.1343/0.3118 lineIoU 0.2413 AE 18.6 lat 24.3px acc 0.4 (0s)
epoch 563 loss 0.1319/0.3084 lineIoU 0.1739 AE 18.77 lat 24.9px acc 0.4 (0s)
epoch 564 loss 0.1425/0.3109 lineIoU 0.1491 AE 18.86 lat 23.7px acc 0.4 (0s)
epoch 565 loss 0.1268/0.3145 lineIoU 0.2496 AE 17.86 lat 23.3px acc 0.4 (0s)
epoch 566 loss 0.1243/0.3222 lineIoU 0.2238 AE 17.94 lat 23.4px acc 0.4 (0s)
epoch 567 loss 0.1378/0.3151 lineIoU 0.2415 AE 17.25 lat 23.0px acc 0.4 (0s)
epoch 568 loss 0.1396/0.3152 lineIoU 0.2381 AE 17.52 lat 23.6px acc 0.4 (0s)
epoch 569 loss 0.1413/0.3091 lineIoU 0.1743 AE 18.05 lat 24.1px acc 0.4 (0s)
epoch 570 loss 0.1420/0.3162 lineIoU 0.1861 AE 18.7 lat 24.7px acc 0.4 (0s)
epoch 571 loss 0.1398/0.3184 lineIoU 0.1408 AE 19.2 lat 25.4px acc 0.4 (0s)
epoch 572 loss 0.1308/0.3216 lineIoU 0.1131 AE 20.47 lat 24.4px acc 0.2 (0s)
epoch 573 loss 0.1390/0.3189 lineIoU 0.1269 AE 16.64 lat 23.4px acc 0.4 (0s)
epoch 574 loss 0.1301/0.3187 lineIoU 0.1761 AE 16.7 lat 23.1px acc 0.4 (0s)
epoch 575 loss 0.1330/0.3159 lineIoU 0.1377 AE 17.69 lat 22.6px acc 0.4 (0s)
epoch 576 loss 0.1255/0.3155 lineIoU 0.1740 AE 17.5 lat 23.5px acc 0.4 (0s)
epoch 577 loss 0.1334/0.3162 lineIoU 0.1875 AE 17.56 lat 23.9px acc 0.4 (0s)
epoch 578 loss 0.1307/0.3131 lineIoU 0.2437 AE 17.19 lat 22.8px acc 0.4 (0s)
epoch 579 loss 0.1376/0.3161 lineIoU 0.2427 AE 17.03 lat 22.4px acc 0.4 (0s)
epoch 580 loss 0.1399/0.3177 lineIoU 0.2066 AE 17.48 lat 22.7px acc 0.4 (0s)
epoch 581 loss 0.1319/0.3158 lineIoU 0.2716 AE 17.14 lat 22.5px acc 0.4 (0s)
epoch 582 loss 0.1277/0.3118 lineIoU 0.2482 AE 18.0 lat 23.3px acc 0.4 (0s)
epoch 583 loss 0.1274/0.3174 lineIoU 0.1238 AE 19.24 lat 23.7px acc 0.2 (0s)
epoch 584 loss 0.1263/0.3123 lineIoU 0.1436 AE 18.85 lat 24.8px acc 0.4 (0s)
epoch 585 loss 0.1424/0.3083 lineIoU 0.1340 AE 18.63 lat 24.6px acc 0.4 (0s)
epoch 586 loss 0.1355/0.3122 lineIoU 0.1117 AE 18.36 lat 23.0px acc 0.2 (0s)
epoch 587 loss 0.1421/0.3198 lineIoU 0.1217 AE 16.23 lat 21.2px acc 0.2 (0s)
epoch 588 loss 0.1272/0.3257 lineIoU 0.1062 AE 17.02 lat 21.7px acc 0.2 (0s)
epoch 589 loss 0.1268/0.3303 lineIoU 0.0958 AE 19.64 lat 23.6px acc 0.2 (0s)
epoch 590 loss 0.1332/0.3290 lineIoU 0.0959 AE 19.62 lat 23.6px acc 0.2 (0s)
early stop at 590 (best line IoU 0.3189 @ 440)
done: best line IoU 0.3189 at epoch 440
