warm-start from ../runs/ccrd_a1_b3_256_ce_seed42/best.pt (epoch 52)
device=cuda params=33694 macs=37.61M
train=28 val=6
epoch   1 loss 0.8437/0.7023 lineIoU 0.0366 AE 24.51 lat 30.1px acc 0.0 (4s)
epoch   2 loss 0.6895/0.6050 lineIoU 0.0363 AE 24.24 lat 27.4px acc 0.0 (0s)
epoch   3 loss 0.5924/0.5497 lineIoU 0.0361 AE 24.11 lat 26.2px acc 0.0 (0s)
epoch   4 loss 0.6081/0.5175 lineIoU 0.0301 AE 23.57 lat 26.9px acc 0.0 (0s)
epoch   5 loss 0.5455/0.4952 lineIoU 0.0300 AE 23.68 lat 27.0px acc 0.0 (0s)
epoch   6 loss 0.5135/0.4746 lineIoU 0.0302 AE 23.48 lat 26.8px acc 0.0 (0s)
epoch   7 loss 0.4735/0.4540 lineIoU 0.0356 AE 23.34 lat 26.9px acc 0.0 (0s)
epoch   8 loss 0.4365/0.4336 lineIoU 0.0413 AE 23.1 lat 27.2px acc 0.0 (0s)
epoch   9 loss 0.4253/0.4139 lineIoU 0.0426 AE 23.28 lat 27.8px acc 0.0 (0s)
epoch  10 loss 0.3853/0.4005 lineIoU 0.0453 AE 22.08 lat 27.4px acc 0.0 (0s)
epoch  11 loss 0.3885/0.3993 lineIoU 0.0463 AE 21.84 lat 27.0px acc 0.0 (0s)
epoch  12 loss 0.3542/0.3886 lineIoU 0.0483 AE 21.49 lat 26.3px acc 0.0 (0s)
epoch  13 loss 0.3724/0.3859 lineIoU 0.0458 AE 21.78 lat 26.5px acc 0.0 (0s)
epoch  14 loss 0.3454/0.3761 lineIoU 0.0395 AE 22.42 lat 25.6px acc 0.0 (0s)
epoch  15 loss 0.3547/0.3701 lineIoU 0.0396 AE 22.28 lat 25.4px acc 0.0 (0s)
epoch  16 loss 0.3413/0.3585 lineIoU 0.0425 AE 21.18 lat 23.6px acc 0.0 (0s)
epoch  17 loss 0.3255/0.3587 lineIoU 0.0470 AE 20.87 lat 23.3px acc 0.0 (0s)
epoch  18 loss 0.3494/0.3589 lineIoU 0.0470 AE 19.97 lat 24.2px acc 0.0 (0s)
epoch  19 loss 0.3334/0.3569 lineIoU 0.0479 AE 19.84 lat 24.6px acc 0.0 (0s)
epoch  20 loss 0.3334/0.3539 lineIoU 0.0474 AE 19.36 lat 24.1px acc 0.0 (0s)
epoch  21 loss 0.3214/0.3533 lineIoU 0.0496 AE 20.51 lat 23.6px acc 0.0 (0s)
epoch  22 loss 0.3241/0.3486 lineIoU 0.0477 AE 21.1 lat 23.8px acc 0.0 (0s)
epoch  23 loss 0.3219/0.3442 lineIoU 0.0493 AE 19.66 lat 22.4px acc 0.0 (0s)
epoch  24 loss 0.3137/0.3441 lineIoU 0.0493 AE 19.51 lat 22.7px acc 0.0 (0s)
epoch  25 loss 0.3251/0.3420 lineIoU 0.0501 AE 19.87 lat 23.7px acc 0.0 (0s)
epoch  26 loss 0.3244/0.3372 lineIoU 0.0485 AE 20.09 lat 24.1px acc 0.0 (0s)
epoch  27 loss 0.3156/0.3367 lineIoU 0.0581 AE 18.09 lat 22.8px acc 0.0 (0s)
epoch  28 loss 0.2958/0.3342 lineIoU 0.0575 AE 17.89 lat 22.4px acc 0.0 (0s)
epoch  29 loss 0.3008/0.3310 lineIoU 0.0591 AE 17.82 lat 21.4px acc 0.0 (0s)
epoch  30 loss 0.3135/0.3271 lineIoU 0.0611 AE 17.65 lat 21.3px acc 0.0 (0s)
epoch  31 loss 0.2941/0.3248 lineIoU 0.0621 AE 17.62 lat 21.8px acc 0.0 (0s)
epoch  32 loss 0.3005/0.3237 lineIoU 0.0611 AE 17.82 lat 22.3px acc 0.0 (0s)
epoch  33 loss 0.2816/0.3228 lineIoU 0.0605 AE 16.98 lat 21.3px acc 0.0 (0s)
epoch  34 loss 0.2826/0.3199 lineIoU 0.0578 AE 16.07 lat 19.9px acc 0.0 (0s)
epoch  35 loss 0.2851/0.3202 lineIoU 0.0682 AE 16.1 lat 20.8px acc 0.0 (0s)
epoch  36 loss 0.2838/0.3163 lineIoU 0.0675 AE 15.44 lat 20.7px acc 0.0 (0s)
epoch  37 loss 0.2782/0.3159 lineIoU 0.0642 AE 16.8 lat 21.2px acc 0.0 (0s)
epoch  38 loss 0.2674/0.3175 lineIoU 0.0646 AE 15.77 lat 20.4px acc 0.0 (0s)
epoch  39 loss 0.2756/0.3244 lineIoU 0.1089 AE 14.02 lat 18.5px acc 0.2 (0s)
epoch  40 loss 0.2770/0.3189 lineIoU 0.1095 AE 13.42 lat 17.9px acc 0.2 (0s)
epoch  41 loss 0.2789/0.3164 lineIoU 0.0895 AE 20.08 lat 24.4px acc 0.2 (0s)
epoch  42 loss 0.2702/0.3183 lineIoU 0.1094 AE 13.3 lat 17.4px acc 0.2 (0s)
epoch  43 loss 0.2901/0.3126 lineIoU 0.0779 AE 15.2 lat 19.2px acc 0.0 (0s)
epoch  44 loss 0.2742/0.3144 lineIoU 0.0804 AE 14.63 lat 18.5px acc 0.0 (0s)
epoch  45 loss 0.2631/0.3147 lineIoU 0.1421 AE 12.03 lat 16.9px acc 0.2 (0s)
epoch  46 loss 0.2646/0.3174 lineIoU 0.1077 AE 12.7 lat 17.1px acc 0.2 (0s)
epoch  47 loss 0.2679/0.3109 lineIoU 0.1052 AE 13.99 lat 17.3px acc 0.2 (0s)
epoch  48 loss 0.2609/0.3069 lineIoU 0.1049 AE 14.0 lat 17.1px acc 0.2 (0s)
epoch  49 loss 0.2684/0.3104 lineIoU 0.0771 AE 15.27 lat 18.7px acc 0.0 (0s)
epoch  50 loss 0.2592/0.3115 lineIoU 0.0728 AE 15.7 lat 19.7px acc 0.0 (0s)
epoch  51 loss 0.2661/0.3135 lineIoU 0.0705 AE 16.0 lat 20.0px acc 0.0 (0s)
epoch  52 loss 0.2599/0.3042 lineIoU 0.0687 AE 15.03 lat 19.3px acc 0.0 (0s)
epoch  53 loss 0.2518/0.2972 lineIoU 0.0685 AE 13.77 lat 18.3px acc 0.0 (0s)
epoch  54 loss 0.2562/0.3010 lineIoU 0.1380 AE 12.29 lat 17.0px acc 0.4 (0s)
epoch  55 loss 0.2501/0.3015 lineIoU 0.0852 AE 15.86 lat 16.4px acc 0.2 (0s)
epoch  56 loss 0.2495/0.3022 lineIoU 0.1293 AE 10.3 lat 15.8px acc 0.4 (0s)
epoch  57 loss 0.2541/0.3004 lineIoU 0.1340 AE 9.13 lat 14.4px acc 0.4 (0s)
epoch  58 loss 0.2450/0.2975 lineIoU 0.1828 AE 13.66 lat 19.4px acc 0.2 (0s)
epoch  59 loss 0.2397/0.2969 lineIoU 0.1838 AE 11.05 lat 16.2px acc 0.2 (0s)
epoch  60 loss 0.2405/0.2917 lineIoU 0.2059 AE 7.77 lat 12.5px acc 0.4 (0s)
epoch  61 loss 0.2416/0.2926 lineIoU 0.1491 AE 7.34 lat 11.2px acc 0.4 (0s)
epoch  62 loss 0.2307/0.2866 lineIoU 0.1094 AE 8.84 lat 15.2px acc 0.4 (0s)
epoch  63 loss 0.2354/0.2892 lineIoU 0.0560 AE 12.59 lat 16.4px acc 0.4 (0s)
epoch  64 loss 0.2324/0.2910 lineIoU 0.1085 AE 8.47 lat 9.7px acc 0.4 (0s)
epoch  65 loss 0.2566/0.2940 lineIoU 0.1494 AE 6.91 lat 10.8px acc 0.4 (0s)
epoch  66 loss 0.2272/0.2877 lineIoU 0.1335 AE 8.36 lat 9.8px acc 0.2 (0s)
epoch  67 loss 0.2333/0.2881 lineIoU 0.1519 AE 7.86 lat 8.7px acc 0.2 (0s)
epoch  68 loss 0.2411/0.2859 lineIoU 0.0716 AE 9.51 lat 9.4px acc 0.0 (0s)
epoch  69 loss 0.2240/0.2856 lineIoU 0.0531 AE 8.25 lat 11.3px acc 0.4 (0s)
epoch  70 loss 0.2268/0.2851 lineIoU 0.0684 AE 8.38 lat 10.9px acc 0.4 (0s)
epoch  71 loss 0.2268/0.2925 lineIoU 0.1201 AE 10.18 lat 15.3px acc 0.4 (0s)
epoch  72 loss 0.2323/0.2986 lineIoU 0.1289 AE 9.5 lat 14.3px acc 0.4 (0s)
epoch  73 loss 0.2223/0.2869 lineIoU 0.1082 AE 8.34 lat 12.0px acc 0.6 (0s)
epoch  74 loss 0.2281/0.2922 lineIoU 0.1046 AE 5.93 lat 10.2px acc 0.6 (0s)
epoch  75 loss 0.2230/0.2878 lineIoU 0.0562 AE 7.52 lat 10.7px acc 0.4 (0s)
epoch  76 loss 0.2270/0.2797 lineIoU 0.1202 AE 6.9 lat 11.1px acc 0.6 (0s)
epoch  77 loss 0.2156/0.2742 lineIoU 0.1232 AE 7.54 lat 11.3px acc 0.6 (0s)
epoch  78 loss 0.2197/0.2799 lineIoU 0.1410 AE 6.61 lat 10.7px acc 0.6 (0s)
epoch  79 loss 0.2183/0.2792 lineIoU 0.0482 AE 8.44 lat 11.3px acc 0.4 (0s)
epoch  80 loss 0.2152/0.2832 lineIoU 0.0743 AE 9.1 lat 10.8px acc 0.4 (0s)
epoch  81 loss 0.2301/0.2885 lineIoU 0.0666 AE 8.6 lat 10.5px acc 0.4 (0s)
epoch  82 loss 0.2101/0.2834 lineIoU 0.0508 AE 7.0 lat 11.5px acc 0.6 (0s)
epoch  83 loss 0.2179/0.2758 lineIoU 0.0913 AE 7.51 lat 13.0px acc 0.4 (0s)
epoch  84 loss 0.2081/0.2754 lineIoU 0.1218 AE 6.35 lat 10.3px acc 0.6 (0s)
epoch  85 loss 0.2109/0.2724 lineIoU 0.1381 AE 6.29 lat 10.0px acc 0.6 (0s)
epoch  86 loss 0.2248/0.2675 lineIoU 0.2159 AE 7.98 lat 12.8px acc 0.4 (0s)
epoch  87 loss 0.2019/0.2655 lineIoU 0.1539 AE 8.2 lat 13.0px acc 0.4 (0s)
epoch  88 loss 0.2073/0.2671 lineIoU 0.1631 AE 6.73 lat 10.0px acc 0.6 (0s)
epoch  89 loss 0.2105/0.2741 lineIoU 0.1608 AE 6.41 lat 9.7px acc 0.6 (0s)
epoch  90 loss 0.2146/0.2768 lineIoU 0.2056 AE 7.07 lat 9.9px acc 0.6 (0s)
epoch  91 loss 0.2136/0.2841 lineIoU 0.1722 AE 6.39 lat 9.6px acc 0.6 (0s)
epoch  92 loss 0.2026/0.2842 lineIoU 0.1428 AE 8.57 lat 12.7px acc 0.4 (0s)
epoch  93 loss 0.2034/0.2914 lineIoU 0.1161 AE 9.02 lat 13.5px acc 0.4 (0s)
epoch  94 loss 0.1985/0.2773 lineIoU 0.1074 AE 10.09 lat 24.4px acc 0.4 (0s)
epoch  95 loss 0.2024/0.2757 lineIoU 0.0449 AE 11.91 lat 22.7px acc 0.4 (0s)
epoch  96 loss 0.1992/0.2727 lineIoU 0.1409 AE 9.7 lat 21.7px acc 0.6 (0s)
epoch  97 loss 0.1996/0.2663 lineIoU 0.0966 AE 9.56 lat 22.2px acc 0.6 (0s)
epoch  98 loss 0.1944/0.2682 lineIoU 0.0692 AE 10.01 lat 22.6px acc 0.6 (0s)
epoch  99 loss 0.2053/0.2703 lineIoU 0.0967 AE 9.85 lat 21.9px acc 0.6 (0s)
epoch 100 loss 0.1943/0.2693 lineIoU 0.1659 AE 6.08 lat 8.8px acc 0.6 (0s)
epoch 101 loss 0.2072/0.2696 lineIoU 0.1455 AE 5.47 lat 7.8px acc 0.6 (0s)
epoch 102 loss 0.2014/0.2734 lineIoU 0.1099 AE 6.68 lat 9.5px acc 0.6 (0s)
epoch 103 loss 0.1999/0.2712 lineIoU 0.1203 AE 9.27 lat 23.6px acc 0.6 (0s)
epoch 104 loss 0.1925/0.2726 lineIoU 0.1360 AE 5.74 lat 8.5px acc 0.6 (0s)
epoch 105 loss 0.2035/0.2704 lineIoU 0.0550 AE 8.38 lat 9.3px acc 0.4 (0s)
epoch 106 loss 0.2069/0.2694 lineIoU 0.1015 AE 6.76 lat 10.5px acc 0.4 (0s)
epoch 107 loss 0.1868/0.2745 lineIoU 0.1117 AE 6.91 lat 10.8px acc 0.4 (0s)
epoch 108 loss 0.1991/0.2736 lineIoU 0.0729 AE 8.75 lat 23.0px acc 0.6 (0s)
epoch 109 loss 0.1786/0.2632 lineIoU 0.1164 AE 6.68 lat 8.9px acc 0.6 (0s)
epoch 110 loss 0.1977/0.2602 lineIoU 0.0642 AE 7.53 lat 9.3px acc 0.4 (0s)
epoch 111 loss 0.1915/0.2617 lineIoU 0.1448 AE 5.61 lat 8.9px acc 0.6 (0s)
epoch 112 loss 0.1829/0.2703 lineIoU 0.0476 AE 8.16 lat 10.0px acc 0.4 (0s)
epoch 113 loss 0.1843/0.2698 lineIoU 0.0545 AE 7.91 lat 9.3px acc 0.4 (0s)
epoch 114 loss 0.1831/0.2750 lineIoU 0.1259 AE 9.29 lat 23.0px acc 0.6 (0s)
epoch 115 loss 0.1869/0.2781 lineIoU 0.1155 AE 10.12 lat 22.7px acc 0.6 (0s)
epoch 116 loss 0.1853/0.2726 lineIoU 0.0869 AE 8.55 lat 24.0px acc 0.6 (0s)
epoch 117 loss 0.1871/0.2702 lineIoU 0.1626 AE 7.45 lat 22.1px acc 0.6 (0s)
epoch 118 loss 0.1917/0.2738 lineIoU 0.1545 AE 5.42 lat 8.0px acc 0.6 (0s)
epoch 119 loss 0.1903/0.2682 lineIoU 0.1203 AE 9.03 lat 21.9px acc 0.6 (0s)
epoch 120 loss 0.1705/0.2674 lineIoU 0.1262 AE 9.76 lat 22.2px acc 0.6 (0s)
epoch 121 loss 0.1821/0.2664 lineIoU 0.1370 AE 9.96 lat 22.5px acc 0.6 (0s)
epoch 122 loss 0.1877/0.2650 lineIoU 0.1668 AE 9.01 lat 23.0px acc 0.6 (0s)
epoch 123 loss 0.1838/0.2726 lineIoU 0.1859 AE 8.96 lat 21.7px acc 0.6 (0s)
epoch 124 loss 0.1849/0.2718 lineIoU 0.1282 AE 9.93 lat 22.5px acc 0.6 (0s)
epoch 125 loss 0.1813/0.2753 lineIoU 0.0831 AE 9.16 lat 26.1px acc 0.4 (0s)
epoch 126 loss 0.1749/0.2708 lineIoU 0.0799 AE 10.29 lat 26.1px acc 0.4 (0s)
epoch 127 loss 0.1796/0.2689 lineIoU 0.0663 AE 9.13 lat 25.7px acc 0.4 (0s)
epoch 128 loss 0.1767/0.2669 lineIoU 0.1078 AE 8.05 lat 12.5px acc 0.4 (0s)
epoch 129 loss 0.1744/0.2647 lineIoU 0.0908 AE 10.37 lat 23.3px acc 0.4 (0s)
epoch 130 loss 0.1709/0.2636 lineIoU 0.0908 AE 11.39 lat 23.0px acc 0.6 (0s)
epoch 131 loss 0.1742/0.2690 lineIoU 0.0893 AE 11.25 lat 23.9px acc 0.6 (0s)
epoch 132 loss 0.1791/0.2719 lineIoU 0.0393 AE 12.61 lat 24.1px acc 0.4 (0s)
epoch 133 loss 0.1836/0.2687 lineIoU 0.1315 AE 9.65 lat 23.8px acc 0.6 (0s)
epoch 134 loss 0.1835/0.2676 lineIoU 0.1365 AE 10.09 lat 23.9px acc 0.6 (0s)
epoch 135 loss 0.1742/0.2709 lineIoU 0.1155 AE 9.98 lat 23.6px acc 0.6 (0s)
epoch 136 loss 0.1774/0.2719 lineIoU 0.1281 AE 9.43 lat 24.4px acc 0.6 (0s)
epoch 137 loss 0.1720/0.2736 lineIoU 0.1315 AE 8.16 lat 24.7px acc 0.6 (0s)
epoch 138 loss 0.1710/0.2744 lineIoU 0.1327 AE 8.42 lat 23.7px acc 0.6 (0s)
epoch 139 loss 0.1731/0.2754 lineIoU 0.1093 AE 9.74 lat 23.1px acc 0.6 (0s)
epoch 140 loss 0.1905/0.2697 lineIoU 0.1053 AE 8.1 lat 9.6px acc 0.6 (0s)
epoch 141 loss 0.1738/0.2642 lineIoU 0.1251 AE 6.92 lat 8.8px acc 0.6 (0s)
epoch 142 loss 0.1676/0.2645 lineIoU 0.1745 AE 6.26 lat 8.4px acc 0.6 (0s)
epoch 143 loss 0.1700/0.2684 lineIoU 0.1727 AE 8.81 lat 23.4px acc 0.6 (0s)
epoch 144 loss 0.1735/0.2754 lineIoU 0.1974 AE 9.75 lat 23.4px acc 0.6 (0s)
epoch 145 loss 0.1724/0.2779 lineIoU 0.2027 AE 10.07 lat 23.8px acc 0.6 (0s)
epoch 146 loss 0.1669/0.2835 lineIoU 0.1819 AE 9.99 lat 23.3px acc 0.6 (0s)
epoch 147 loss 0.1637/0.2770 lineIoU 0.2124 AE 9.94 lat 23.0px acc 0.6 (0s)
epoch 148 loss 0.1795/0.2800 lineIoU 0.1738 AE 7.89 lat 10.1px acc 0.6 (0s)
epoch 149 loss 0.1663/0.2767 lineIoU 0.1743 AE 8.78 lat 9.9px acc 0.4 (0s)
epoch 150 loss 0.1597/0.2819 lineIoU 0.0647 AE 13.97 lat 28.0px acc 0.2 (0s)
epoch 151 loss 0.1635/0.2777 lineIoU 0.2207 AE 10.67 lat 13.8px acc 0.4 (0s)
epoch 152 loss 0.1658/0.2805 lineIoU 0.1843 AE 11.21 lat 14.4px acc 0.4 (0s)
epoch 153 loss 0.1636/0.2767 lineIoU 0.2094 AE 10.99 lat 14.0px acc 0.4 (0s)
epoch 154 loss 0.1598/0.2681 lineIoU 0.2523 AE 10.73 lat 13.8px acc 0.4 (0s)
epoch 155 loss 0.1734/0.2661 lineIoU 0.1967 AE 6.36 lat 9.0px acc 0.6 (0s)
epoch 156 loss 0.1603/0.2668 lineIoU 0.1469 AE 8.0 lat 10.0px acc 0.6 (0s)
epoch 157 loss 0.1606/0.2706 lineIoU 0.1229 AE 8.43 lat 10.5px acc 0.6 (0s)
epoch 158 loss 0.1593/0.2845 lineIoU 0.0660 AE 13.95 lat 15.1px acc 0.2 (0s)
epoch 159 loss 0.1715/0.2962 lineIoU 0.0658 AE 13.85 lat 15.2px acc 0.2 (0s)
epoch 160 loss 0.1529/0.2881 lineIoU 0.0747 AE 13.36 lat 14.3px acc 0.0 (0s)
epoch 161 loss 0.1641/0.2912 lineIoU 0.0632 AE 10.5 lat 11.7px acc 0.2 (0s)
epoch 162 loss 0.1548/0.2826 lineIoU 0.1565 AE 8.2 lat 10.5px acc 0.4 (0s)
epoch 163 loss 0.1574/0.2828 lineIoU 0.1575 AE 9.19 lat 13.6px acc 0.4 (0s)
epoch 164 loss 0.1675/0.2820 lineIoU 0.1442 AE 8.28 lat 26.1px acc 0.4 (0s)
epoch 165 loss 0.1758/0.2749 lineIoU 0.1085 AE 9.71 lat 25.8px acc 0.6 (0s)
epoch 166 loss 0.1590/0.2793 lineIoU 0.1364 AE 8.54 lat 10.7px acc 0.6 (0s)
epoch 167 loss 0.1506/0.2840 lineIoU 0.2004 AE 12.04 lat 15.0px acc 0.4 (0s)
epoch 168 loss 0.1654/0.2845 lineIoU 0.1845 AE 8.76 lat 12.9px acc 0.4 (0s)
epoch 169 loss 0.1548/0.2876 lineIoU 0.1896 AE 11.34 lat 14.1px acc 0.4 (0s)
epoch 170 loss 0.1601/0.2822 lineIoU 0.1751 AE 8.15 lat 10.4px acc 0.6 (0s)
epoch 171 loss 0.1585/0.2836 lineIoU 0.1421 AE 8.77 lat 10.6px acc 0.4 (0s)
epoch 172 loss 0.1722/0.2694 lineIoU 0.2024 AE 9.41 lat 11.5px acc 0.4 (0s)
epoch 173 loss 0.1608/0.2722 lineIoU 0.0755 AE 14.26 lat 15.7px acc 0.2 (0s)
epoch 174 loss 0.1536/0.2754 lineIoU 0.2025 AE 11.95 lat 14.9px acc 0.4 (0s)
epoch 175 loss 0.1536/0.2787 lineIoU 0.2512 AE 8.29 lat 9.6px acc 0.4 (0s)
epoch 176 loss 0.1467/0.2846 lineIoU 0.1776 AE 6.4 lat 8.7px acc 0.6 (0s)
epoch 177 loss 0.1498/0.2891 lineIoU 0.1797 AE 9.97 lat 12.7px acc 0.4 (0s)
epoch 178 loss 0.1563/0.2796 lineIoU 0.1865 AE 6.92 lat 9.1px acc 0.6 (0s)
epoch 179 loss 0.1480/0.2774 lineIoU 0.2047 AE 6.53 lat 8.9px acc 0.6 (0s)
epoch 180 loss 0.1510/0.2831 lineIoU 0.2028 AE 6.95 lat 8.9px acc 0.6 (0s)
epoch 181 loss 0.1754/0.2813 lineIoU 0.2016 AE 9.93 lat 12.4px acc 0.4 (0s)
epoch 182 loss 0.1491/0.2847 lineIoU 0.2314 AE 11.76 lat 14.2px acc 0.4 (0s)
epoch 183 loss 0.1579/0.2815 lineIoU 0.1880 AE 10.57 lat 15.1px acc 0.2 (0s)
epoch 184 loss 0.1443/0.2770 lineIoU 0.1624 AE 9.82 lat 14.7px acc 0.2 (0s)
epoch 185 loss 0.1473/0.2728 lineIoU 0.2038 AE 7.95 lat 9.3px acc 0.4 (0s)
epoch 186 loss 0.1540/0.2780 lineIoU 0.2053 AE 7.59 lat 9.6px acc 0.6 (0s)
epoch 187 loss 0.1523/0.2846 lineIoU 0.2089 AE 8.22 lat 9.4px acc 0.4 (0s)
epoch 188 loss 0.1506/0.2976 lineIoU 0.1985 AE 8.9 lat 10.6px acc 0.4 (0s)
epoch 189 loss 0.1417/0.2849 lineIoU 0.1632 AE 7.85 lat 9.4px acc 0.6 (0s)
epoch 190 loss 0.1475/0.2804 lineIoU 0.1524 AE 7.56 lat 9.0px acc 0.6 (0s)
epoch 191 loss 0.1419/0.2697 lineIoU 0.2052 AE 7.4 lat 9.4px acc 0.4 (0s)
epoch 192 loss 0.1633/0.2813 lineIoU 0.3018 AE 6.87 lat 8.7px acc 0.6 (0s)
epoch 193 loss 0.1483/0.2872 lineIoU 0.2400 AE 12.3 lat 15.3px acc 0.4 (0s)
epoch 194 loss 0.1494/0.2925 lineIoU 0.2329 AE 12.57 lat 15.8px acc 0.4 (0s)
epoch 195 loss 0.1594/0.2898 lineIoU 0.2590 AE 11.24 lat 14.6px acc 0.4 (0s)
epoch 196 loss 0.1496/0.2903 lineIoU 0.1783 AE 8.35 lat 10.9px acc 0.4 (0s)
epoch 197 loss 0.1616/0.2876 lineIoU 0.2451 AE 7.14 lat 11.5px acc 0.4 (0s)
epoch 198 loss 0.1408/0.2760 lineIoU 0.2327 AE 6.88 lat 8.5px acc 0.4 (0s)
epoch 199 loss 0.1399/0.2812 lineIoU 0.2074 AE 8.75 lat 9.3px acc 0.4 (0s)
epoch 200 loss 0.1444/0.2821 lineIoU 0.2086 AE 11.17 lat 13.2px acc 0.2 (0s)
epoch 201 loss 0.1424/0.2853 lineIoU 0.2229 AE 11.86 lat 14.8px acc 0.2 (0s)
epoch 202 loss 0.1451/0.2923 lineIoU 0.2133 AE 9.44 lat 13.4px acc 0.4 (0s)
epoch 203 loss 0.1414/0.2853 lineIoU 0.1900 AE 11.78 lat 16.4px acc 0.2 (0s)
epoch 204 loss 0.1421/0.2826 lineIoU 0.1329 AE 10.22 lat 13.7px acc 0.4 (0s)
epoch 205 loss 0.1443/0.2855 lineIoU 0.1551 AE 11.52 lat 13.7px acc 0.4 (0s)
epoch 206 loss 0.1550/0.2845 lineIoU 0.1722 AE 12.72 lat 15.7px acc 0.2 (0s)
epoch 207 loss 0.1515/0.2833 lineIoU 0.2634 AE 8.09 lat 10.3px acc 0.6 (0s)
epoch 208 loss 0.1405/0.2887 lineIoU 0.3271 AE 8.24 lat 10.4px acc 0.6 (0s)
epoch 209 loss 0.1388/0.2941 lineIoU 0.1853 AE 10.74 lat 11.0px acc 0.2 (0s)
epoch 210 loss 0.1429/0.2896 lineIoU 0.2111 AE 10.78 lat 10.6px acc 0.2 (0s)
epoch 211 loss 0.1445/0.2844 lineIoU 0.2746 AE 8.5 lat 10.5px acc 0.4 (0s)
epoch 212 loss 0.1346/0.2854 lineIoU 0.2734 AE 7.91 lat 10.1px acc 0.6 (0s)
epoch 213 loss 0.1355/0.2857 lineIoU 0.1807 AE 9.21 lat 10.5px acc 0.4 (0s)
epoch 214 loss 0.1446/0.2932 lineIoU 0.1851 AE 9.71 lat 13.4px acc 0.4 (0s)
epoch 215 loss 0.1394/0.2906 lineIoU 0.1928 AE 13.25 lat 15.6px acc 0.2 (0s)
epoch 216 loss 0.1473/0.2922 lineIoU 0.2121 AE 12.33 lat 15.1px acc 0.4 (0s)
epoch 217 loss 0.1429/0.2953 lineIoU 0.1400 AE 11.81 lat 13.4px acc 0.2 (0s)
epoch 218 loss 0.1413/0.2888 lineIoU 0.0940 AE 8.92 lat 9.8px acc 0.4 (0s)
epoch 219 loss 0.1403/0.2854 lineIoU 0.1248 AE 8.62 lat 9.3px acc 0.4 (0s)
epoch 220 loss 0.1369/0.2851 lineIoU 0.2059 AE 11.12 lat 13.3px acc 0.2 (0s)
epoch 221 loss 0.1442/0.2959 lineIoU 0.2231 AE 8.06 lat 9.0px acc 0.6 (0s)
epoch 222 loss 0.1350/0.2964 lineIoU 0.1744 AE 8.84 lat 8.8px acc 0.4 (0s)
epoch 223 loss 0.1422/0.2902 lineIoU 0.2730 AE 7.76 lat 9.3px acc 0.6 (0s)
epoch 224 loss 0.1394/0.2933 lineIoU 0.2330 AE 8.36 lat 10.3px acc 0.6 (0s)
epoch 225 loss 0.1331/0.2967 lineIoU 0.2534 AE 8.37 lat 10.0px acc 0.4 (0s)
epoch 226 loss 0.1350/0.3013 lineIoU 0.2449 AE 8.84 lat 9.8px acc 0.4 (0s)
epoch 227 loss 0.1440/0.2962 lineIoU 0.2698 AE 8.25 lat 9.3px acc 0.6 (0s)
epoch 228 loss 0.1360/0.2872 lineIoU 0.1885 AE 11.18 lat 30.2px acc 0.4 (0s)
epoch 229 loss 0.1315/0.2955 lineIoU 0.2798 AE 6.49 lat 27.9px acc 0.6 (0s)
epoch 230 loss 0.1282/0.3003 lineIoU 0.2695 AE 9.33 lat 10.8px acc 0.6 (0s)
epoch 231 loss 0.1334/0.3016 lineIoU 0.2762 AE 9.47 lat 10.9px acc 0.6 (0s)
epoch 232 loss 0.1383/0.2978 lineIoU 0.3485 AE 8.46 lat 10.2px acc 0.6 (0s)
epoch 233 loss 0.1290/0.3009 lineIoU 0.2265 AE 8.94 lat 10.7px acc 0.6 (0s)
epoch 234 loss 0.1345/0.3033 lineIoU 0.2221 AE 8.75 lat 10.1px acc 0.4 (0s)
epoch 235 loss 0.1317/0.3031 lineIoU 0.1910 AE 9.35 lat 10.1px acc 0.4 (0s)
epoch 236 loss 0.1264/0.3020 lineIoU 0.2391 AE 10.25 lat 11.1px acc 0.4 (0s)
epoch 237 loss 0.1279/0.3039 lineIoU 0.2410 AE 9.96 lat 10.9px acc 0.4 (0s)
epoch 238 loss 0.1293/0.2968 lineIoU 0.2431 AE 8.84 lat 10.2px acc 0.6 (0s)
epoch 239 loss 0.1293/0.3025 lineIoU 0.2515 AE 9.57 lat 11.0px acc 0.4 (0s)
epoch 240 loss 0.1367/0.3082 lineIoU 0.2618 AE 9.88 lat 11.6px acc 0.4 (0s)
epoch 241 loss 0.1487/0.2969 lineIoU 0.2932 AE 9.05 lat 11.1px acc 0.6 (0s)
epoch 242 loss 0.1242/0.2916 lineIoU 0.2386 AE 8.61 lat 10.8px acc 0.6 (0s)
epoch 243 loss 0.1352/0.2976 lineIoU 0.2598 AE 9.07 lat 11.2px acc 0.6 (0s)
epoch 244 loss 0.1401/0.3024 lineIoU 0.2970 AE 8.71 lat 11.1px acc 0.6 (0s)
epoch 245 loss 0.1283/0.3083 lineIoU 0.2613 AE 8.83 lat 10.9px acc 0.6 (0s)
epoch 246 loss 0.1431/0.3049 lineIoU 0.2543 AE 10.11 lat 11.9px acc 0.4 (0s)
epoch 247 loss 0.1261/0.3016 lineIoU 0.1941 AE 10.19 lat 11.5px acc 0.4 (0s)
epoch 248 loss 0.1309/0.3069 lineIoU 0.2236 AE 9.99 lat 11.3px acc 0.4 (0s)
epoch 249 loss 0.1304/0.2997 lineIoU 0.2339 AE 9.45 lat 11.1px acc 0.4 (0s)
epoch 250 loss 0.1271/0.2967 lineIoU 0.2327 AE 9.41 lat 10.7px acc 0.4 (0s)
epoch 251 loss 0.1286/0.2954 lineIoU 0.2505 AE 9.26 lat 10.5px acc 0.6 (0s)
epoch 252 loss 0.1233/0.2968 lineIoU 0.1967 AE 9.53 lat 10.6px acc 0.4 (0s)
epoch 253 loss 0.1224/0.2963 lineIoU 0.1430 AE 9.84 lat 10.0px acc 0.4 (0s)
epoch 254 loss 0.1287/0.2853 lineIoU 0.3010 AE 7.93 lat 9.6px acc 0.6 (0s)
epoch 255 loss 0.1325/0.2914 lineIoU 0.2822 AE 8.02 lat 9.6px acc 0.6 (0s)
epoch 256 loss 0.1415/0.2958 lineIoU 0.2830 AE 8.62 lat 10.2px acc 0.6 (0s)
epoch 257 loss 0.1239/0.3056 lineIoU 0.2170 AE 9.57 lat 10.4px acc 0.6 (0s)
epoch 258 loss 0.1355/0.3122 lineIoU 0.2771 AE 8.86 lat 10.8px acc 0.6 (0s)
epoch 259 loss 0.1320/0.2963 lineIoU 0.2727 AE 7.85 lat 9.8px acc 0.6 (0s)
epoch 260 loss 0.1268/0.2876 lineIoU 0.3146 AE 8.3 lat 10.2px acc 0.6 (0s)
epoch 261 loss 0.1264/0.2943 lineIoU 0.2708 AE 8.57 lat 10.1px acc 0.6 (0s)
epoch 262 loss 0.1175/0.3060 lineIoU 0.1827 AE 10.88 lat 10.3px acc 0.2 (0s)
epoch 263 loss 0.1174/0.3163 lineIoU 0.1587 AE 12.23 lat 11.4px acc 0.2 (0s)
epoch 264 loss 0.1233/0.3038 lineIoU 0.1586 AE 10.31 lat 10.8px acc 0.4 (0s)
epoch 265 loss 0.1161/0.2965 lineIoU 0.2342 AE 8.86 lat 10.3px acc 0.4 (0s)
epoch 266 loss 0.1182/0.3023 lineIoU 0.2215 AE 9.74 lat 11.1px acc 0.4 (0s)
epoch 267 loss 0.1335/0.3111 lineIoU 0.1666 AE 10.08 lat 10.1px acc 0.6 (0s)
epoch 268 loss 0.1321/0.3102 lineIoU 0.1753 AE 10.2 lat 10.5px acc 0.4 (0s)
epoch 269 loss 0.1249/0.2996 lineIoU 0.1478 AE 10.46 lat 10.7px acc 0.4 (0s)
epoch 270 loss 0.1187/0.2965 lineIoU 0.2497 AE 8.92 lat 10.6px acc 0.4 (0s)
epoch 271 loss 0.1188/0.2963 lineIoU 0.3261 AE 8.61 lat 10.4px acc 0.6 (0s)
epoch 272 loss 0.1207/0.2950 lineIoU 0.3156 AE 7.3 lat 8.8px acc 0.6 (0s)
epoch 273 loss 0.1266/0.3004 lineIoU 0.2330 AE 7.69 lat 9.1px acc 0.6 (0s)
epoch 274 loss 0.1273/0.3084 lineIoU 0.1762 AE 8.49 lat 8.5px acc 0.4 (0s)
epoch 275 loss 0.1217/0.3121 lineIoU 0.2599 AE 8.79 lat 10.1px acc 0.6 (0s)
epoch 276 loss 0.1193/0.3151 lineIoU 0.2894 AE 8.68 lat 9.6px acc 0.4 (0s)
epoch 277 loss 0.1257/0.3057 lineIoU 0.3135 AE 8.17 lat 9.3px acc 0.6 (0s)
epoch 278 loss 0.1217/0.3084 lineIoU 0.1297 AE 10.22 lat 9.8px acc 0.2 (0s)
epoch 279 loss 0.1172/0.3101 lineIoU 0.2324 AE 9.98 lat 10.6px acc 0.4 (0s)
epoch 280 loss 0.1183/0.3163 lineIoU 0.2168 AE 9.72 lat 10.2px acc 0.4 (0s)
epoch 281 loss 0.1201/0.3066 lineIoU 0.1672 AE 8.89 lat 9.2px acc 0.4 (0s)
epoch 282 loss 0.1246/0.2993 lineIoU 0.2510 AE 7.46 lat 8.9px acc 0.6 (0s)
epoch 283 loss 0.1142/0.3034 lineIoU 0.2586 AE 9.69 lat 8.9px acc 0.4 (0s)
epoch 284 loss 0.1183/0.3124 lineIoU 0.2511 AE 10.19 lat 9.6px acc 0.4 (0s)
epoch 285 loss 0.1154/0.3074 lineIoU 0.2484 AE 9.81 lat 9.7px acc 0.4 (0s)
epoch 286 loss 0.1296/0.3084 lineIoU 0.2083 AE 9.08 lat 9.5px acc 0.4 (0s)
epoch 287 loss 0.1213/0.3003 lineIoU 0.2581 AE 7.23 lat 8.7px acc 0.6 (0s)
epoch 288 loss 0.1191/0.3064 lineIoU 0.2656 AE 7.52 lat 8.2px acc 0.6 (0s)
epoch 289 loss 0.1308/0.3065 lineIoU 0.2767 AE 7.47 lat 8.0px acc 0.6 (0s)
epoch 290 loss 0.1254/0.3053 lineIoU 0.2793 AE 7.65 lat 8.9px acc 0.6 (0s)
epoch 291 loss 0.1147/0.3174 lineIoU 0.1591 AE 9.48 lat 9.9px acc 0.2 (0s)
epoch 292 loss 0.1342/0.3254 lineIoU 0.1552 AE 10.17 lat 10.7px acc 0.2 (0s)
epoch 293 loss 0.1170/0.3199 lineIoU 0.1657 AE 10.25 lat 10.8px acc 0.2 (0s)
epoch 294 loss 0.1246/0.3073 lineIoU 0.2245 AE 8.67 lat 9.2px acc 0.4 (0s)
epoch 295 loss 0.1201/0.3110 lineIoU 0.2190 AE 9.75 lat 9.0px acc 0.4 (0s)
epoch 296 loss 0.1138/0.3110 lineIoU 0.1805 AE 10.15 lat 9.1px acc 0.4 (0s)
epoch 297 loss 0.1189/0.3116 lineIoU 0.2034 AE 9.6 lat 9.6px acc 0.4 (0s)
epoch 298 loss 0.1185/0.3084 lineIoU 0.2060 AE 8.96 lat 9.1px acc 0.4 (0s)
epoch 299 loss 0.1115/0.3095 lineIoU 0.2328 AE 10.37 lat 10.2px acc 0.4 (0s)
epoch 300 loss 0.1109/0.3065 lineIoU 0.2115 AE 10.0 lat 10.2px acc 0.4 (0s)
epoch 301 loss 0.1091/0.3092 lineIoU 0.2041 AE 10.16 lat 10.2px acc 0.4 (0s)
epoch 302 loss 0.1186/0.2933 lineIoU 0.2213 AE 8.63 lat 8.8px acc 0.4 (0s)
epoch 303 loss 0.1107/0.3016 lineIoU 0.1883 AE 9.94 lat 9.7px acc 0.2 (0s)
epoch 304 loss 0.1211/0.3060 lineIoU 0.2060 AE 8.48 lat 8.9px acc 0.4 (0s)
epoch 305 loss 0.1095/0.3136 lineIoU 0.2379 AE 9.55 lat 9.8px acc 0.4 (0s)
epoch 306 loss 0.1137/0.3201 lineIoU 0.1476 AE 11.19 lat 11.0px acc 0.2 (0s)
epoch 307 loss 0.1095/0.3197 lineIoU 0.1721 AE 10.37 lat 11.0px acc 0.4 (0s)
epoch 308 loss 0.1146/0.3204 lineIoU 0.1985 AE 9.79 lat 10.6px acc 0.4 (0s)
epoch 309 loss 0.1189/0.3088 lineIoU 0.3407 AE 7.79 lat 9.1px acc 0.6 (0s)
epoch 310 loss 0.1105/0.3145 lineIoU 0.3809 AE 7.72 lat 9.1px acc 0.6 (0s)
epoch 311 loss 0.1192/0.3127 lineIoU 0.3393 AE 7.93 lat 8.8px acc 0.6 (0s)
epoch 312 loss 0.1176/0.3081 lineIoU 0.2585 AE 8.53 lat 9.1px acc 0.6 (0s)
epoch 313 loss 0.1157/0.3125 lineIoU 0.2530 AE 8.63 lat 9.2px acc 0.6 (0s)
epoch 314 loss 0.1176/0.3162 lineIoU 0.1952 AE 8.83 lat 8.7px acc 0.6 (0s)
epoch 315 loss 0.1151/0.3114 lineIoU 0.3315 AE 7.35 lat 9.1px acc 0.6 (0s)
epoch 316 loss 0.1130/0.3218 lineIoU 0.2530 AE 8.24 lat 9.4px acc 0.4 (0s)
epoch 317 loss 0.1179/0.3229 lineIoU 0.3429 AE 8.1 lat 9.9px acc 0.6 (0s)
epoch 318 loss 0.1146/0.3167 lineIoU 0.2138 AE 8.45 lat 8.8px acc 0.6 (0s)
epoch 319 loss 0.1156/0.3059 lineIoU 0.1749 AE 8.48 lat 8.7px acc 0.6 (0s)
epoch 320 loss 0.1143/0.3048 lineIoU 0.1980 AE 8.44 lat 9.1px acc 0.6 (0s)
epoch 321 loss 0.1157/0.3072 lineIoU 0.1910 AE 8.6 lat 8.2px acc 0.6 (0s)
epoch 322 loss 0.1138/0.3116 lineIoU 0.1955 AE 9.13 lat 9.0px acc 0.6 (0s)
epoch 323 loss 0.1142/0.3098 lineIoU 0.2225 AE 9.53 lat 9.6px acc 0.4 (0s)
epoch 324 loss 0.1125/0.3075 lineIoU 0.2743 AE 8.15 lat 9.7px acc 0.6 (0s)
epoch 325 loss 0.1119/0.3105 lineIoU 0.3386 AE 7.57 lat 9.4px acc 0.6 (0s)
epoch 326 loss 0.1208/0.3048 lineIoU 0.3216 AE 7.05 lat 8.9px acc 0.6 (0s)
epoch 327 loss 0.1151/0.3155 lineIoU 0.2237 AE 8.87 lat 8.5px acc 0.4 (0s)
epoch 328 loss 0.1123/0.3115 lineIoU 0.2457 AE 8.29 lat 8.4px acc 0.4 (0s)
epoch 329 loss 0.1124/0.3099 lineIoU 0.2140 AE 8.85 lat 9.2px acc 0.4 (0s)
epoch 330 loss 0.1220/0.3032 lineIoU 0.1845 AE 9.03 lat 10.2px acc 0.6 (0s)
epoch 331 loss 0.1080/0.3047 lineIoU 0.1842 AE 9.49 lat 9.6px acc 0.6 (0s)
epoch 332 loss 0.1112/0.3028 lineIoU 0.2540 AE 8.86 lat 8.8px acc 0.6 (0s)
epoch 333 loss 0.1165/0.3060 lineIoU 0.3215 AE 8.03 lat 8.2px acc 0.6 (0s)
epoch 334 loss 0.1095/0.3051 lineIoU 0.3025 AE 7.86 lat 8.5px acc 0.6 (0s)
epoch 335 loss 0.1084/0.3177 lineIoU 0.2839 AE 8.93 lat 10.1px acc 0.6 (0s)
epoch 336 loss 0.1139/0.3191 lineIoU 0.3159 AE 8.71 lat 10.2px acc 0.6 (0s)
epoch 337 loss 0.1030/0.3187 lineIoU 0.2314 AE 8.95 lat 9.1px acc 0.4 (0s)
epoch 338 loss 0.1075/0.3129 lineIoU 0.2007 AE 8.97 lat 8.5px acc 0.4 (0s)
epoch 339 loss 0.1217/0.3140 lineIoU 0.2121 AE 9.42 lat 9.3px acc 0.4 (0s)
epoch 340 loss 0.1099/0.3259 lineIoU 0.2489 AE 9.38 lat 9.3px acc 0.4 (0s)
epoch 341 loss 0.1169/0.3268 lineIoU 0.2903 AE 9.34 lat 8.7px acc 0.4 (0s)
epoch 342 loss 0.1118/0.3373 lineIoU 0.2417 AE 9.06 lat 8.2px acc 0.4 (0s)
epoch 343 loss 0.1075/0.3270 lineIoU 0.2294 AE 9.54 lat 8.9px acc 0.6 (0s)
epoch 344 loss 0.1210/0.3235 lineIoU 0.1820 AE 10.72 lat 10.6px acc 0.4 (0s)
epoch 345 loss 0.1071/0.3178 lineIoU 0.1616 AE 10.82 lat 10.1px acc 0.4 (0s)
epoch 346 loss 0.1107/0.3155 lineIoU 0.1561 AE 11.19 lat 10.4px acc 0.4 (0s)
epoch 347 loss 0.1060/0.3114 lineIoU 0.2279 AE 9.83 lat 9.8px acc 0.4 (0s)
epoch 348 loss 0.1049/0.3060 lineIoU 0.2383 AE 9.21 lat 9.2px acc 0.4 (0s)
epoch 349 loss 0.1033/0.3050 lineIoU 0.2249 AE 8.53 lat 8.1px acc 0.4 (0s)
epoch 350 loss 0.1066/0.3138 lineIoU 0.1943 AE 9.61 lat 9.2px acc 0.4 (0s)
epoch 351 loss 0.1081/0.3201 lineIoU 0.2819 AE 8.95 lat 9.4px acc 0.4 (0s)
epoch 352 loss 0.1105/0.3167 lineIoU 0.2279 AE 8.46 lat 9.1px acc 0.4 (0s)
epoch 353 loss 0.1053/0.3081 lineIoU 0.3381 AE 6.99 lat 8.5px acc 0.6 (0s)
epoch 354 loss 0.1052/0.3139 lineIoU 0.2310 AE 8.26 lat 8.0px acc 0.6 (0s)
epoch 355 loss 0.1123/0.3060 lineIoU 0.3296 AE 7.88 lat 8.1px acc 0.6 (0s)
epoch 356 loss 0.1149/0.3083 lineIoU 0.2121 AE 9.32 lat 9.5px acc 0.6 (0s)
epoch 357 loss 0.1076/0.3251 lineIoU 0.1836 AE 9.23 lat 10.1px acc 0.4 (0s)
epoch 358 loss 0.1057/0.3342 lineIoU 0.1876 AE 9.66 lat 8.7px acc 0.4 (0s)
epoch 359 loss 0.1109/0.3131 lineIoU 0.2115 AE 9.57 lat 8.3px acc 0.4 (0s)
epoch 360 loss 0.1081/0.2981 lineIoU 0.2414 AE 8.49 lat 7.9px acc 0.4 (0s)
epoch 361 loss 0.1039/0.3069 lineIoU 0.2058 AE 10.51 lat 7.6px acc 0.2 (0s)
epoch 362 loss 0.1016/0.3144 lineIoU 0.2233 AE 11.24 lat 8.2px acc 0.2 (0s)
epoch 363 loss 0.1095/0.3100 lineIoU 0.1819 AE 10.22 lat 8.2px acc 0.2 (0s)
epoch 364 loss 0.1010/0.3176 lineIoU 0.3114 AE 8.07 lat 8.2px acc 0.4 (0s)
epoch 365 loss 0.1106/0.3146 lineIoU 0.3130 AE 7.76 lat 7.9px acc 0.4 (0s)
epoch 366 loss 0.1042/0.3102 lineIoU 0.2986 AE 7.01 lat 7.8px acc 0.6 (0s)
epoch 367 loss 0.1012/0.3135 lineIoU 0.3442 AE 7.25 lat 8.3px acc 0.6 (0s)
epoch 368 loss 0.1047/0.3135 lineIoU 0.2255 AE 9.26 lat 7.8px acc 0.4 (0s)
epoch 369 loss 0.1061/0.3234 lineIoU 0.2090 AE 9.87 lat 8.3px acc 0.4 (0s)
epoch 370 loss 0.1014/0.3269 lineIoU 0.2486 AE 8.82 lat 8.2px acc 0.4 (0s)
epoch 371 loss 0.0945/0.3289 lineIoU 0.2462 AE 8.39 lat 8.5px acc 0.4 (0s)
epoch 372 loss 0.1000/0.3311 lineIoU 0.2792 AE 8.59 lat 8.8px acc 0.4 (0s)
epoch 373 loss 0.1037/0.3316 lineIoU 0.1951 AE 9.16 lat 8.5px acc 0.4 (0s)
epoch 374 loss 0.1004/0.3321 lineIoU 0.2046 AE 9.06 lat 7.9px acc 0.4 (0s)
epoch 375 loss 0.1070/0.3262 lineIoU 0.1797 AE 9.32 lat 8.4px acc 0.4 (0s)
epoch 376 loss 0.1014/0.3227 lineIoU 0.1983 AE 8.86 lat 7.7px acc 0.4 (0s)
epoch 377 loss 0.0994/0.3323 lineIoU 0.3094 AE 7.53 lat 8.0px acc 0.6 (0s)
epoch 378 loss 0.0971/0.3338 lineIoU 0.1921 AE 9.87 lat 8.4px acc 0.2 (0s)
epoch 379 loss 0.1037/0.3302 lineIoU 0.2610 AE 8.75 lat 8.4px acc 0.4 (0s)
epoch 380 loss 0.0970/0.3224 lineIoU 0.2051 AE 8.59 lat 7.3px acc 0.2 (0s)
epoch 381 loss 0.0998/0.3333 lineIoU 0.2574 AE 9.01 lat 8.3px acc 0.4 (0s)
epoch 382 loss 0.1023/0.3302 lineIoU 0.2457 AE 8.91 lat 7.9px acc 0.4 (0s)
epoch 383 loss 0.1107/0.3126 lineIoU 0.1889 AE 9.22 lat 7.9px acc 0.4 (0s)
epoch 384 loss 0.1055/0.3150 lineIoU 0.1865 AE 8.62 lat 8.9px acc 0.4 (0s)
epoch 385 loss 0.1088/0.3272 lineIoU 0.2473 AE 9.19 lat 9.3px acc 0.4 (0s)
epoch 386 loss 0.1013/0.3312 lineIoU 0.2346 AE 8.55 lat 8.5px acc 0.4 (0s)
epoch 387 loss 0.1041/0.3415 lineIoU 0.2782 AE 8.71 lat 8.7px acc 0.4 (0s)
epoch 388 loss 0.1106/0.3223 lineIoU 0.2091 AE 8.82 lat 9.1px acc 0.4 (0s)
epoch 389 loss 0.1023/0.3089 lineIoU 0.1635 AE 9.12 lat 9.0px acc 0.4 (0s)
epoch 390 loss 0.0995/0.3124 lineIoU 0.2609 AE 9.8 lat 8.7px acc 0.4 (0s)
epoch 391 loss 0.0984/0.3221 lineIoU 0.1892 AE 10.46 lat 8.5px acc 0.4 (0s)
epoch 392 loss 0.0980/0.3280 lineIoU 0.1904 AE 9.48 lat 8.7px acc 0.4 (0s)
epoch 393 loss 0.1018/0.3196 lineIoU 0.2479 AE 8.85 lat 8.4px acc 0.4 (0s)
epoch 394 loss 0.0996/0.3197 lineIoU 0.2658 AE 8.88 lat 7.9px acc 0.4 (0s)
epoch 395 loss 0.0992/0.3313 lineIoU 0.2673 AE 10.01 lat 8.2px acc 0.4 (0s)
epoch 396 loss 0.0992/0.3409 lineIoU 0.2553 AE 10.48 lat 9.2px acc 0.4 (0s)
epoch 397 loss 0.0896/0.3476 lineIoU 0.1750 AE 11.71 lat 10.4px acc 0.2 (0s)
epoch 398 loss 0.1018/0.3551 lineIoU 0.1706 AE 12.41 lat 10.7px acc 0.2 (0s)
epoch 399 loss 0.0956/0.3402 lineIoU 0.1737 AE 11.12 lat 9.7px acc 0.2 (0s)
epoch 400 loss 0.0985/0.3204 lineIoU 0.2245 AE 9.7 lat 8.7px acc 0.4 (0s)
epoch 401 loss 0.0997/0.3268 lineIoU 0.2635 AE 9.25 lat 8.7px acc 0.4 (0s)
epoch 402 loss 0.1009/0.3358 lineIoU 0.2231 AE 10.12 lat 9.2px acc 0.4 (0s)
epoch 403 loss 0.0979/0.3338 lineIoU 0.1846 AE 11.11 lat 10.0px acc 0.2 (0s)
epoch 404 loss 0.0949/0.3313 lineIoU 0.2608 AE 10.25 lat 9.3px acc 0.4 (0s)
epoch 405 loss 0.1063/0.3356 lineIoU 0.2158 AE 11.01 lat 9.6px acc 0.4 (0s)
epoch 406 loss 0.0954/0.3413 lineIoU 0.1930 AE 10.57 lat 9.7px acc 0.4 (0s)
epoch 407 loss 0.1008/0.3388 lineIoU 0.2145 AE 9.82 lat 9.1px acc 0.4 (0s)
epoch 408 loss 0.1003/0.3401 lineIoU 0.2769 AE 9.84 lat 8.3px acc 0.4 (0s)
epoch 409 loss 0.0893/0.3470 lineIoU 0.1857 AE 11.66 lat 9.4px acc 0.2 (0s)
epoch 410 loss 0.0986/0.3433 lineIoU 0.2904 AE 9.5 lat 8.8px acc 0.4 (0s)
epoch 411 loss 0.0917/0.3414 lineIoU 0.2632 AE 9.79 lat 9.4px acc 0.4 (0s)
epoch 412 loss 0.0965/0.3391 lineIoU 0.2803 AE 8.86 lat 8.6px acc 0.4 (0s)
epoch 413 loss 0.0915/0.3327 lineIoU 0.2610 AE 9.63 lat 9.1px acc 0.4 (0s)
epoch 414 loss 0.0928/0.3335 lineIoU 0.2539 AE 10.84 lat 9.3px acc 0.4 (0s)
epoch 415 loss 0.0964/0.3299 lineIoU 0.2952 AE 10.31 lat 9.0px acc 0.4 (0s)
epoch 416 loss 0.0982/0.3372 lineIoU 0.3049 AE 9.84 lat 8.4px acc 0.4 (0s)
epoch 417 loss 0.1054/0.3365 lineIoU 0.2894 AE 10.58 lat 8.8px acc 0.4 (0s)
epoch 418 loss 0.0987/0.3257 lineIoU 0.2669 AE 11.32 lat 9.4px acc 0.4 (0s)
epoch 419 loss 0.0936/0.3264 lineIoU 0.2978 AE 11.77 lat 9.5px acc 0.4 (0s)
epoch 420 loss 0.1004/0.3199 lineIoU 0.3186 AE 10.18 lat 8.9px acc 0.4 (0s)
epoch 421 loss 0.0965/0.3281 lineIoU 0.1743 AE 10.09 lat 8.9px acc 0.2 (0s)
epoch 422 loss 0.0929/0.3392 lineIoU 0.1633 AE 11.57 lat 12.8px acc 0.2 (0s)
epoch 423 loss 0.0950/0.3285 lineIoU 0.2068 AE 10.01 lat 9.3px acc 0.2 (0s)
epoch 424 loss 0.0932/0.3339 lineIoU 0.1677 AE 11.84 lat 13.3px acc 0.2 (0s)
epoch 425 loss 0.1092/0.3424 lineIoU 0.3160 AE 10.1 lat 8.7px acc 0.4 (0s)
epoch 426 loss 0.0957/0.3375 lineIoU 0.3217 AE 10.52 lat 8.8px acc 0.4 (0s)
epoch 427 loss 0.0990/0.3418 lineIoU 0.3343 AE 10.27 lat 8.7px acc 0.4 (0s)
epoch 428 loss 0.0924/0.3591 lineIoU 0.2114 AE 14.82 lat 15.0px acc 0.2 (0s)
epoch 429 loss 0.0942/0.3654 lineIoU 0.2157 AE 12.96 lat 13.6px acc 0.2 (0s)
epoch 430 loss 0.0939/0.3400 lineIoU 0.3483 AE 9.87 lat 8.2px acc 0.4 (0s)
early stop at 430 (best line IoU 0.3809 @ 310)
done: best line IoU 0.3809 at epoch 310
