device=cuda params=33694 macs=37.61M
train=320 val=80
epoch   1 loss 0.9856/1.0784 lineIoU 0.1647 AE 7.56 lat 10.1px acc 0.4 (7s)
epoch   2 loss 0.8785/1.0345 lineIoU 0.0883 AE 12.22 lat 16.9px acc 0.15 (2s)
epoch   3 loss 0.7887/0.9991 lineIoU 0.2691 AE 4.57 lat 7.2px acc 0.55 (2s)
epoch   4 loss 0.7080/0.9725 lineIoU 0.1808 AE 4.92 lat 8.0px acc 0.5375 (2s)
epoch   5 loss 0.6342/0.9374 lineIoU 0.3444 AE 2.51 lat 6.1px acc 0.8 (2s)
epoch   6 loss 0.5701/0.8972 lineIoU 0.2961 AE 2.89 lat 6.9px acc 0.725 (2s)
epoch   7 loss 0.5132/0.8390 lineIoU 0.3413 AE 2.71 lat 7.4px acc 0.775 (2s)
epoch   8 loss 0.4612/0.7816 lineIoU 0.2166 AE 5.56 lat 21.3px acc 0.4875 (2s)
epoch   9 loss 0.4177/0.7467 lineIoU 0.1630 AE 5.77 lat 13.8px acc 0.475 (2s)
epoch  10 loss 0.3765/0.6841 lineIoU 0.1824 AE 5.52 lat 13.6px acc 0.5 (2s)
epoch  11 loss 0.3440/0.6341 lineIoU 0.1107 AE 8.56 lat 15.8px acc 0.275 (2s)
epoch  12 loss 0.3139/0.5753 lineIoU 0.1290 AE 8.9 lat 12.5px acc 0.3375 (2s)
epoch  13 loss 0.2861/0.4978 lineIoU 0.1765 AE 8.4 lat 10.2px acc 0.375 (2s)
epoch  14 loss 0.2662/0.4537 lineIoU 0.1554 AE 10.09 lat 12.6px acc 0.3125 (2s)
epoch  15 loss 0.2482/0.4418 lineIoU 0.1436 AE 10.48 lat 14.4px acc 0.2625 (2s)
epoch  16 loss 0.2344/0.3985 lineIoU 0.1813 AE 7.54 lat 9.8px acc 0.425 (2s)
epoch  17 loss 0.2169/0.3700 lineIoU 0.1498 AE 8.65 lat 12.4px acc 0.35 (2s)
epoch  18 loss 0.2073/0.3555 lineIoU 0.1868 AE 5.99 lat 8.1px acc 0.4375 (1s)
epoch  19 loss 0.1918/0.3203 lineIoU 0.2465 AE 6.77 lat 10.4px acc 0.4375 (1s)
epoch  20 loss 0.1791/0.3085 lineIoU 0.2207 AE 7.54 lat 10.1px acc 0.4125 (1s)
epoch  21 loss 0.1747/0.3067 lineIoU 0.2301 AE 6.95 lat 9.4px acc 0.4625 (1s)
epoch  22 loss 0.1647/0.2764 lineIoU 0.2343 AE 6.28 lat 9.3px acc 0.5 (1s)
epoch  23 loss 0.1571/0.2581 lineIoU 0.2849 AE 4.82 lat 7.6px acc 0.5875 (1s)
epoch  24 loss 0.1525/0.2607 lineIoU 0.2845 AE 6.08 lat 8.5px acc 0.475 (1s)
epoch  25 loss 0.1468/0.2498 lineIoU 0.2518 AE 5.32 lat 8.4px acc 0.575 (1s)
epoch  26 loss 0.1402/0.2503 lineIoU 0.2799 AE 5.69 lat 8.1px acc 0.5875 (1s)
epoch  27 loss 0.1347/0.2491 lineIoU 0.3021 AE 4.39 lat 8.8px acc 0.5875 (1s)
epoch  28 loss 0.1331/0.2396 lineIoU 0.2897 AE 4.67 lat 8.8px acc 0.625 (1s)
epoch  29 loss 0.1278/0.2388 lineIoU 0.3039 AE 4.25 lat 8.0px acc 0.6125 (1s)
epoch  30 loss 0.1276/0.2447 lineIoU 0.2885 AE 4.54 lat 9.3px acc 0.55 (1s)
epoch  31 loss 0.1239/0.2298 lineIoU 0.3464 AE 3.44 lat 6.4px acc 0.775 (1s)
epoch  32 loss 0.1191/0.2348 lineIoU 0.2948 AE 4.81 lat 7.6px acc 0.6875 (1s)
epoch  33 loss 0.1158/0.2227 lineIoU 0.3435 AE 3.14 lat 6.4px acc 0.75 (1s)
epoch  34 loss 0.1145/0.2266 lineIoU 0.3589 AE 2.99 lat 5.5px acc 0.7875 (1s)
epoch  35 loss 0.1140/0.2343 lineIoU 0.3186 AE 4.07 lat 7.2px acc 0.7375 (1s)
epoch  36 loss 0.1092/0.2199 lineIoU 0.3026 AE 3.79 lat 7.7px acc 0.7375 (1s)
epoch  37 loss 0.1080/0.2226 lineIoU 0.3334 AE 3.79 lat 8.2px acc 0.7 (1s)
epoch  38 loss 0.1066/0.2139 lineIoU 0.3697 AE 2.59 lat 6.1px acc 0.825 (2s)
epoch  39 loss 0.1072/0.2180 lineIoU 0.3704 AE 2.76 lat 6.1px acc 0.7875 (1s)
epoch  40 loss 0.1002/0.2258 lineIoU 0.3053 AE 3.36 lat 7.4px acc 0.7125 (1s)
epoch  41 loss 0.0994/0.2077 lineIoU 0.3788 AE 2.4 lat 6.1px acc 0.8125 (1s)
epoch  42 loss 0.0953/0.2103 lineIoU 0.3828 AE 2.73 lat 6.1px acc 0.8 (1s)
epoch  43 loss 0.0961/0.2020 lineIoU 0.3950 AE 2.4 lat 5.9px acc 0.8125 (1s)
epoch  44 loss 0.0943/0.2196 lineIoU 0.3140 AE 3.82 lat 8.5px acc 0.7 (1s)
epoch  45 loss 0.0915/0.2059 lineIoU 0.3534 AE 2.58 lat 6.6px acc 0.8 (1s)
epoch  46 loss 0.0896/0.2083 lineIoU 0.3648 AE 2.63 lat 6.4px acc 0.7625 (1s)
epoch  47 loss 0.0883/0.2021 lineIoU 0.3795 AE 2.53 lat 6.2px acc 0.7875 (1s)
epoch  48 loss 0.0875/0.1989 lineIoU 0.3829 AE 2.65 lat 6.5px acc 0.8 (1s)
epoch  49 loss 0.0857/0.1968 lineIoU 0.3642 AE 2.64 lat 6.5px acc 0.8 (1s)
epoch  50 loss 0.0835/0.2019 lineIoU 0.3907 AE 2.37 lat 5.8px acc 0.825 (1s)
epoch  51 loss 0.0831/0.1938 lineIoU 0.3923 AE 2.39 lat 5.6px acc 0.85 (1s)
epoch  52 loss 0.0841/0.1933 lineIoU 0.4172 AE 2.24 lat 5.3px acc 0.875 (1s)
epoch  53 loss 0.0812/0.1967 lineIoU 0.3695 AE 2.71 lat 7.0px acc 0.75 (1s)
epoch  54 loss 0.0795/0.1970 lineIoU 0.3922 AE 2.61 lat 6.5px acc 0.7875 (1s)
epoch  55 loss 0.0789/0.1949 lineIoU 0.3882 AE 2.48 lat 6.5px acc 0.825 (1s)
epoch  56 loss 0.0773/0.1998 lineIoU 0.3891 AE 2.34 lat 5.6px acc 0.85 (1s)
epoch  57 loss 0.0777/0.1931 lineIoU 0.3971 AE 2.42 lat 5.8px acc 0.8375 (1s)
epoch  58 loss 0.0786/0.1912 lineIoU 0.3978 AE 2.37 lat 6.0px acc 0.8375 (1s)
epoch  59 loss 0.0784/0.1928 lineIoU 0.3963 AE 2.28 lat 5.9px acc 0.875 (1s)
epoch  60 loss 0.0762/0.1940 lineIoU 0.3999 AE 2.18 lat 5.5px acc 0.9 (1s)
epoch  61 loss 0.0742/0.1943 lineIoU 0.4152 AE 2.09 lat 5.0px acc 0.9125 (1s)
epoch  62 loss 0.0742/0.1985 lineIoU 0.3886 AE 2.23 lat 5.6px acc 0.85 (1s)
epoch  63 loss 0.0763/0.1963 lineIoU 0.4110 AE 2.1 lat 5.1px acc 0.9125 (1s)
epoch  64 loss 0.0726/0.1959 lineIoU 0.3785 AE 2.6 lat 6.7px acc 0.8 (2s)
epoch  65 loss 0.0728/0.1946 lineIoU 0.3889 AE 2.32 lat 5.9px acc 0.825 (2s)
epoch  66 loss 0.0718/0.1936 lineIoU 0.4003 AE 2.13 lat 5.5px acc 0.8875 (2s)
epoch  67 loss 0.0697/0.1953 lineIoU 0.3916 AE 2.11 lat 5.5px acc 0.8875 (1s)
epoch  68 loss 0.0705/0.1869 lineIoU 0.4083 AE 2.11 lat 5.4px acc 0.8875 (1s)
epoch  69 loss 0.0687/0.1871 lineIoU 0.4011 AE 2.15 lat 5.7px acc 0.8625 (1s)
epoch  70 loss 0.0698/0.1917 lineIoU 0.3681 AE 2.52 lat 6.8px acc 0.775 (1s)
epoch  71 loss 0.0668/0.2010 lineIoU 0.3462 AE 2.7 lat 7.1px acc 0.7625 (1s)
epoch  72 loss 0.0698/0.1919 lineIoU 0.3773 AE 2.39 lat 6.5px acc 0.7875 (2s)
epoch  73 loss 0.0691/0.1964 lineIoU 0.3557 AE 2.47 lat 6.7px acc 0.825 (1s)
epoch  74 loss 0.0677/0.1942 lineIoU 0.3659 AE 2.58 lat 6.6px acc 0.8 (1s)
epoch  75 loss 0.0675/0.1876 lineIoU 0.3943 AE 2.28 lat 5.8px acc 0.85 (2s)
epoch  76 loss 0.0669/0.1890 lineIoU 0.3611 AE 2.53 lat 6.7px acc 0.8125 (2s)
epoch  77 loss 0.0664/0.1878 lineIoU 0.3978 AE 2.26 lat 5.7px acc 0.8375 (1s)
epoch  78 loss 0.0669/0.1902 lineIoU 0.3886 AE 2.23 lat 5.9px acc 0.875 (2s)
epoch  79 loss 0.0640/0.1865 lineIoU 0.3978 AE 2.17 lat 5.7px acc 0.875 (2s)
epoch  80 loss 0.0684/0.1822 lineIoU 0.4020 AE 2.2 lat 5.5px acc 0.9 (1s)
epoch  81 loss 0.0652/0.1899 lineIoU 0.3912 AE 2.37 lat 6.3px acc 0.8125 (2s)
epoch  82 loss 0.0645/0.1984 lineIoU 0.3841 AE 2.27 lat 5.8px acc 0.85 (1s)
epoch  83 loss 0.0648/0.1854 lineIoU 0.3953 AE 2.15 lat 5.8px acc 0.875 (2s)
epoch  84 loss 0.0643/0.1880 lineIoU 0.3946 AE 2.22 lat 5.9px acc 0.8375 (1s)
epoch  85 loss 0.0638/0.1904 lineIoU 0.3666 AE 2.5 lat 6.8px acc 0.825 (2s)
epoch  86 loss 0.0625/0.1906 lineIoU 0.3750 AE 2.63 lat 6.0px acc 0.725 (1s)
epoch  87 loss 0.0617/0.1907 lineIoU 0.3760 AE 2.41 lat 6.7px acc 0.8 (1s)
epoch  88 loss 0.0615/0.1897 lineIoU 0.3655 AE 2.57 lat 6.6px acc 0.8375 (1s)
epoch  89 loss 0.0623/0.1980 lineIoU 0.3471 AE 2.59 lat 6.9px acc 0.8125 (1s)
epoch  90 loss 0.0621/0.1934 lineIoU 0.3467 AE 2.83 lat 7.1px acc 0.75 (1s)
epoch  91 loss 0.0613/0.1936 lineIoU 0.3606 AE 2.6 lat 6.8px acc 0.8 (1s)
epoch  92 loss 0.0630/0.1953 lineIoU 0.3711 AE 2.52 lat 6.6px acc 0.8 (1s)
early stop at 92 (best line IoU 0.4172 @ 52)
done: best line IoU 0.4172 at epoch 52
