warm-start from ../runs/ccrd_a1_b3_256_ce_seed42/best.pt (epoch 52)
device=cuda params=33694 macs=37.61M
train=28 val=6
epoch   1 loss 0.6536/0.6146 lineIoU 0.0395 AE 22.26 lat 27.7px acc 0.0 (4s)
epoch   2 loss 0.5746/0.5309 lineIoU 0.0377 AE 23.52 lat 25.8px acc 0.0 (0s)
epoch   3 loss 0.5276/0.4924 lineIoU 0.0383 AE 22.85 lat 24.8px acc 0.0 (0s)
epoch   4 loss 0.5183/0.4499 lineIoU 0.0380 AE 22.46 lat 24.7px acc 0.0 (0s)
epoch   5 loss 0.4732/0.4169 lineIoU 0.0373 AE 22.58 lat 24.9px acc 0.0 (0s)
epoch   6 loss 0.4550/0.3918 lineIoU 0.0360 AE 23.36 lat 25.1px acc 0.0 (0s)
epoch   7 loss 0.4326/0.3696 lineIoU 0.0378 AE 22.48 lat 26.7px acc 0.0 (0s)
epoch   8 loss 0.3999/0.3512 lineIoU 0.0370 AE 22.97 lat 27.8px acc 0.0 (0s)
epoch   9 loss 0.4048/0.3300 lineIoU 0.0381 AE 23.0 lat 28.1px acc 0.0 (0s)
epoch  10 loss 0.3649/0.3171 lineIoU 0.0403 AE 21.63 lat 26.4px acc 0.0 (0s)
epoch  11 loss 0.3523/0.3174 lineIoU 0.0409 AE 21.81 lat 26.4px acc 0.0 (0s)
epoch  12 loss 0.3092/0.3110 lineIoU 0.0411 AE 21.26 lat 25.5px acc 0.0 (0s)
epoch  13 loss 0.3301/0.3108 lineIoU 0.0406 AE 21.68 lat 25.7px acc 0.0 (0s)
epoch  14 loss 0.3058/0.3061 lineIoU 0.0397 AE 21.23 lat 25.3px acc 0.0 (0s)
epoch  15 loss 0.3164/0.3044 lineIoU 0.0424 AE 21.11 lat 26.0px acc 0.0 (0s)
epoch  16 loss 0.3087/0.2906 lineIoU 0.0421 AE 21.52 lat 25.6px acc 0.0 (0s)
epoch  17 loss 0.2759/0.2894 lineIoU 0.0421 AE 22.91 lat 31.0px acc 0.0 (0s)
epoch  18 loss 0.2931/0.2877 lineIoU 0.0414 AE 23.08 lat 31.1px acc 0.0 (0s)
epoch  19 loss 0.2911/0.2826 lineIoU 0.0385 AE 22.15 lat 26.1px acc 0.0 (0s)
epoch  20 loss 0.2899/0.2788 lineIoU 0.0311 AE 25.91 lat 29.2px acc 0.0 (0s)
epoch  21 loss 0.2812/0.2795 lineIoU 0.0304 AE 26.64 lat 29.7px acc 0.0 (0s)
epoch  22 loss 0.2827/0.2785 lineIoU 0.0304 AE 27.25 lat 30.3px acc 0.0 (0s)
epoch  23 loss 0.2767/0.2763 lineIoU 0.0347 AE 25.13 lat 28.1px acc 0.0 (0s)
epoch  24 loss 0.2658/0.2765 lineIoU 0.0378 AE 23.84 lat 26.7px acc 0.0 (0s)
epoch  25 loss 0.2818/0.2712 lineIoU 0.0306 AE 26.8 lat 29.7px acc 0.0 (0s)
epoch  26 loss 0.2805/0.2644 lineIoU 0.0380 AE 22.56 lat 26.1px acc 0.0 (0s)
epoch  27 loss 0.2774/0.2645 lineIoU 0.0401 AE 21.73 lat 24.8px acc 0.0 (0s)
epoch  28 loss 0.2567/0.2653 lineIoU 0.0274 AE 29.31 lat 39.7px acc 0.0 (0s)
epoch  29 loss 0.2579/0.2616 lineIoU 0.0263 AE 30.33 lat 40.1px acc 0.0 (0s)
epoch  30 loss 0.2744/0.2596 lineIoU 0.0319 AE 25.7 lat 29.3px acc 0.0 (0s)
epoch  31 loss 0.2482/0.2570 lineIoU 0.0324 AE 25.07 lat 28.9px acc 0.0 (0s)
epoch  32 loss 0.2538/0.2562 lineIoU 0.0317 AE 25.35 lat 29.0px acc 0.0 (0s)
epoch  33 loss 0.2484/0.2550 lineIoU 0.0312 AE 26.85 lat 38.9px acc 0.0 (0s)
epoch  34 loss 0.2442/0.2524 lineIoU 0.0000 AE None lat Nonepx acc 0.0 (0s)
epoch  35 loss 0.2437/0.2540 lineIoU 0.0000 AE None lat Nonepx acc 0.0 (0s)
epoch  36 loss 0.2562/0.2536 lineIoU 0.0000 AE None lat Nonepx acc 0.0 (0s)
epoch  37 loss 0.2461/0.2525 lineIoU 0.0000 AE None lat Nonepx acc 0.0 (0s)
epoch  38 loss 0.2345/0.2532 lineIoU 0.0000 AE None lat Nonepx acc 0.0 (0s)
epoch  39 loss 0.2398/0.2563 lineIoU 0.0492 AE 16.09 lat 12.3px acc 0.0 (0s)
epoch  40 loss 0.2424/0.2546 lineIoU 0.0000 AE None lat Nonepx acc 0.0 (0s)
epoch  41 loss 0.2469/0.2510 lineIoU 0.0000 AE None lat Nonepx acc 0.0 (0s)
epoch  42 loss 0.2358/0.2514 lineIoU 0.0000 AE None lat Nonepx acc 0.0 (0s)
epoch  43 loss 0.2581/0.2465 lineIoU 0.0000 AE None lat Nonepx acc 0.0 (0s)
epoch  44 loss 0.2456/0.2502 lineIoU 0.0366 AE 22.49 lat 19.4px acc 0.0 (0s)
epoch  45 loss 0.2280/0.2505 lineIoU 0.0363 AE 22.16 lat 19.5px acc 0.0 (0s)
epoch  46 loss 0.2380/0.2559 lineIoU 0.0366 AE 22.4 lat 19.0px acc 0.0 (0s)
epoch  47 loss 0.2352/0.2496 lineIoU 0.0366 AE 22.07 lat 18.4px acc 0.0 (0s)
epoch  48 loss 0.2376/0.2461 lineIoU 0.0000 AE None lat Nonepx acc 0.0 (0s)
epoch  49 loss 0.2417/0.2473 lineIoU 0.0334 AE 23.45 lat 20.5px acc 0.0 (0s)
epoch  50 loss 0.2405/0.2467 lineIoU 0.0334 AE 23.51 lat 20.6px acc 0.0 (0s)
epoch  51 loss 0.2404/0.2477 lineIoU 0.0430 AE 18.23 lat 14.9px acc 0.0 (0s)
epoch  52 loss 0.2312/0.2435 lineIoU 0.0339 AE 24.14 lat 21.3px acc 0.0 (0s)
epoch  53 loss 0.2297/0.2414 lineIoU 0.0313 AE 24.07 lat 21.5px acc 0.0 (0s)
epoch  54 loss 0.2288/0.2436 lineIoU 0.0339 AE 24.18 lat 21.3px acc 0.0 (0s)
epoch  55 loss 0.2303/0.2380 lineIoU 0.0366 AE 22.04 lat 19.0px acc 0.0 (0s)
epoch  56 loss 0.2302/0.2392 lineIoU 0.0366 AE 23.03 lat 20.0px acc 0.0 (0s)
epoch  57 loss 0.2291/0.2406 lineIoU 0.0366 AE 22.38 lat 19.2px acc 0.0 (0s)
epoch  58 loss 0.2235/0.2400 lineIoU 0.0322 AE 22.98 lat 20.4px acc 0.0 (0s)
epoch  59 loss 0.2225/0.2418 lineIoU 0.0363 AE 22.01 lat 19.4px acc 0.0 (0s)
epoch  60 loss 0.2228/0.2378 lineIoU 0.0363 AE 21.98 lat 19.6px acc 0.0 (0s)
epoch  61 loss 0.2244/0.2409 lineIoU 0.0363 AE 22.03 lat 19.4px acc 0.0 (0s)
epoch  62 loss 0.2166/0.2385 lineIoU 0.0366 AE 21.69 lat 19.0px acc 0.0 (0s)
epoch  63 loss 0.2133/0.2344 lineIoU 0.0366 AE 21.89 lat 19.3px acc 0.0 (0s)
epoch  64 loss 0.2202/0.2346 lineIoU 0.0366 AE 21.39 lat 18.8px acc 0.0 (0s)
epoch  65 loss 0.2377/0.2369 lineIoU 0.0363 AE 21.89 lat 19.6px acc 0.0 (0s)
epoch  66 loss 0.2174/0.2324 lineIoU 0.0366 AE 21.4 lat 18.8px acc 0.0 (0s)
epoch  67 loss 0.2224/0.2312 lineIoU 0.0366 AE 21.16 lat 18.5px acc 0.0 (0s)
epoch  68 loss 0.2297/0.2304 lineIoU 0.0328 AE 22.91 lat 21.0px acc 0.0 (0s)
epoch  69 loss 0.2073/0.2324 lineIoU 0.0328 AE 23.15 lat 21.6px acc 0.0 (0s)
early stop at 69 (best line IoU 0.0492 @ 39)
done: best line IoU 0.0492 at epoch 39
